<html>
<body>
<pre>
<h1>礦ision Build Log</h1>
<h2>Tool Versions:</h2>
IDE-Version: μVision V5.25.3.0
Copyright (C) 2018 ARM Ltd and ARM Germany GmbH. All rights reserved.
License Information: QIU Randle_H, SUES, LIC=03C9U-SSP4G-63VMB-2PY3S-L02QY-12NVT
 
Tool Versions:
Toolchain:       MDK-ARM Plus  Version: 5.27.0.0
Toolchain Path:  C:\Keil_v5\ARM\ARMCC\Bin
C Compiler:      Armcc.exe V5.06 update 6 (build 750)
Assembler:       Armasm.exe V5.06 update 6 (build 750)
Linker/Locator:  ArmLink.exe V5.06 update 6 (build 750)
Library Manager: ArmAr.exe V5.06 update 6 (build 750)
Hex Converter:   FromElf.exe V5.06 update 6 (build 750)
CPU DLL:         SARMCM3.DLL V5.27.0.0
Dialog DLL:      DCM.DLL V1.17.2.0
Target DLL:      UL2CM3.DLL V1.162.7.0
Dialog DLL:      TCM.DLL V1.36.1.0
 
<h2>Project:</h2>
C:\Users\asus\Documents\嵌入式\NXP\MK60DN512\自研发\IC芯片检测器项目重启\20191124——()\KEIL\CHIPs_Dector.uvprojx
Project File Date:  11/27/2019

<h2>Output:</h2>
*** Using Compiler 'V5.06 update 6 (build 750)', folder: 'C:\Keil_v5\ARM\ARMCC\Bin'
Build target 'MK60DN512'
compiling LCD1602.c...
linking...
Program Size: Code=8960 RO-data=1608 RW-data=24 ZI-data=8344  
".\Objects\CHIPs_Dector.axf" - 0 Error(s), 0 Warning(s).

<h2>Software Packages used:</h2>

Package Vendor: Keil
                http://www.keil.com/pack/Keil.Kinetis_K60_DFP.1.5.0.pack
                Keil.Kinetis_K60_DFP.1.5.0
                NXP Kinetis K60 Series Device Support and Examples

<h2>Collection of Component include folders:</h2>
  .\RTE\_MK60DN512
  C:\Keil_v5\ARM\PACK\Keil\Kinetis_K60_DFP\1.5.0\Device\Include

<h2>Collection of Component Files used:</h2>
Build Time Elapsed:  00:00:01
</pre>
</body>
</html>
