###############################################################################
#
# IAR ELF Linker V8.32.1.169/W32 for ARM                  17/Dec/2019  12:16:54
# Copyright 2007-2018 IAR Systems AB.
#
#    Output file  =  
#        C:\Users\asus\Documents\嵌入式\NXP\MK60DN512\自研发\IC芯片检测器项目重启\20191205——(手动查询)\IAR\Programs\Debug\Exe\Chips_Detector.out
#    Map file     =  
#        C:\Users\asus\Documents\嵌入式\NXP\MK60DN512\自研发\IC芯片检测器项目重启\20191205——(手动查询)\IAR\Programs\Debug\List\Chips_Detector.map
#    Command line =  
#        -f C:\Users\asus\AppData\Local\Temp\EWFC76.tmp
#        ("C:\Users\asus\Documents\嵌入式\NXP\MK60DN512\自研发\IC芯片检测器项目重启\20191205——(手动查询)\IAR\Programs\Debug\Obj\CHIPs_Lib.o"
#        "C:\Users\asus\Documents\嵌入式\NXP\MK60DN512\自研发\IC芯片检测器项目重启\20191205——(手动查询)\IAR\Programs\Debug\Obj\Display.o"
#        "C:\Users\asus\Documents\嵌入式\NXP\MK60DN512\自研发\IC芯片检测器项目重启\20191205——(手动查询)\IAR\Programs\Debug\Obj\IC_Test.o"
#        "C:\Users\asus\Documents\嵌入式\NXP\MK60DN512\自研发\IC芯片检测器项目重启\20191205——(手动查询)\IAR\Programs\Debug\Obj\isr.o"
#        "C:\Users\asus\Documents\嵌入式\NXP\MK60DN512\自研发\IC芯片检测器项目重启\20191205——(手动查询)\IAR\Programs\Debug\Obj\key_board.o"
#        "C:\Users\asus\Documents\嵌入式\NXP\MK60DN512\自研发\IC芯片检测器项目重启\20191205——(手动查询)\IAR\Programs\Debug\Obj\LCD1602.o"
#        "C:\Users\asus\Documents\嵌入式\NXP\MK60DN512\自研发\IC芯片检测器项目重启\20191205——(手动查询)\IAR\Programs\Debug\Obj\LED.o"
#        "C:\Users\asus\Documents\嵌入式\NXP\MK60DN512\自研发\IC芯片检测器项目重启\20191205——(手动查询)\IAR\Programs\Debug\Obj\main.o"
#        "C:\Users\asus\Documents\嵌入式\NXP\MK60DN512\自研发\IC芯片检测器项目重启\20191205——(手动查询)\IAR\Programs\Debug\Obj\Num_Convert.o"
#        "C:\Users\asus\Documents\嵌入式\NXP\MK60DN512\自研发\IC芯片检测器项目重启\20191205——(手动查询)\IAR\Programs\Debug\Obj\startup_MK60D10.o"
#        "C:\Users\asus\Documents\嵌入式\NXP\MK60DN512\自研发\IC芯片检测器项目重启\20191205——(手动查询)\IAR\Programs\Debug\Obj\system_MK60D10.o"
#        "C:\Users\asus\Documents\嵌入式\NXP\MK60DN512\自研发\IC芯片检测器项目重启\20191205——(手动查询)\IAR\Programs\Debug\Obj\SystickDelay.o"
#        --no_out_extension -o
#        "C:\Users\asus\Documents\嵌入式\NXP\MK60DN512\自研发\IC芯片检测器项目重启\20191205——(手动查询)\IAR\Programs\Debug\Exe\Chips_Detector.out"
#        --map
#        "C:\Users\asus\Documents\嵌入式\NXP\MK60DN512\自研发\IC芯片检测器项目重启\20191205——(手动查询)\IAR\Programs\Debug\List\Chips_Detector.map"
#        --config "C:\Program Files (x86)\IAR Systems\Embedded Workbench
#        8.2\arm\config\linker\NXP\MK60xN512_10.icf" --semihosting --entry
#        __iar_program_start --vfe --text_out locale)
#
###############################################################################

*******************************************************************************
*** RUNTIME MODEL ATTRIBUTES
***

CppFlavor       = *
__SystemLibrary = DLib
__dlib_version  = 6


*******************************************************************************
*** HEAP SELECTION
***

The basic heap was selected because no calls to memory allocation
functions were found in the application outside of system library
functions, and there are calls to deallocation functions in the
application.


*******************************************************************************
*** PLACEMENT SUMMARY
***

"A0":  place at 0x0 { ro section .intvec };
"P2":  place in [from 0x0 to 0x3ff] |
                [from 0x410 to 0x7'ffff] { ro };
define block CSTACK with size = 8K, alignment = 8 { };
define block HEAP with size = 16K, alignment = 8 { };
"P3":  place in [from 0x1fff'0000 to 0x1fff'ffff repeat 2] {
          rw, block CSTACK, block HEAP };
initialize by copy { rw };

No sections matched the following patterns:

  section FlashConfig  in "P1"


  Section            Kind         Address    Size  Object
  -------            ----         -------    ----  ------
"A0":                                       0x410
  .intvec            ro code          0x0   0x410  startup_MK60D10.o [1]
                                  - 0x410   0x410

"P2":                                      0x33f8
  .text              ro code        0x410   0xdf2  xprintffull_nomb.o [2]
  .text              ro code       0x1202    0x3a  zero_init3.o [4]
  .text              ro code       0x123c    0x16  strchr.o [4]
  .text              ro code       0x1252     0xa  xsprout.o [2]
  .text              ro code       0x125c    0x40  xfail_s.o [2]
  .text              ro code       0x129c    0x36  strlen.o [4]
  .text              ro code       0x12d4    0x58  memchr.o [4]
  .text              ro code       0x132c   0x230  I64DivMod.o [4]
  .text              ro code       0x155c   0x1a2  DblMul.o [3]
  .text              ro code       0x1700    0xa6  ABImemcpy.o [4]
  .text              ro code       0x17a8    0x70  frexp.o [3]
  .text              ro code       0x1818    0x2e  DblCmpLe.o [3]
  .text              ro code       0x1848    0x2e  DblCmpGe.o [3]
  .text              ro code       0x1878   0x13a  ldexp.o [3]
  .text              ro code       0x19b4    0x3a  DblToS32.o [3]
  .text              ro code       0x19f0    0x22  S32ToDbl.o [3]
  .text              ro code       0x1a14    0xe2  DblSub.o [3]
  .text              ro code       0x1af8   0x246  DblDiv.o [3]
  .text              ro code       0x1d40    0x28  DblToU32.o [3]
  .text              ro code       0x1d68    0x1a  U32ToDbl.o [3]
  .text              ro code       0x1d84     0x8  xlocale_c.o [2]
  .text              ro code       0x1d8c     0x6  abort.o [2]
  .text              ro code       0x1d94     0x2  I64DivZer.o [4]
  .text              ro code       0x1d98   0x16a  DblAdd.o [3]
  .text              ro code       0x1f04    0x14  exit.o [5]
  .text              ro code       0x1f18   0x670  IC_Test.o [1]
  .text              ro code       0x2588   0x274  Display.o [1]
  .text              ro code       0x27fc    0x50  SystickDelay.o [1]
  .text              ro code       0x284c   0x34c  LCD1602.o [1]
  .text              ro code       0x2b98    0x34  vsprintf.o [2]
  .text              ro code       0x2bcc   0x304  key_board.o [1]
  .text              ro code       0x2ed0   0x15c  isr.o [1]
  .text              ro code       0x302c   0x120  main.o [1]
  .text              ro code       0x314c    0x70  LED.o [1]
  .text              ro code       0x31bc    0xda  system_MK60D10.o [1]
  .rodata            const         0x3298    0x78  CHIPs_Lib.o [1]
  .rodata            const         0x3310    0x78  CHIPs_Lib.o [1]
  .rodata            const         0x3388    0x40  Display.o [1]
  .text              ro code       0x33c8    0x2c  copy_init3.o [4]
  .text              ro code       0x33f4    0x28  data_init.o [4]
  .iar.init_table    const         0x341c    0x24  - Linker created -
  .text              ro code       0x3440    0x1e  cmain.o [4]
  .text              ro code       0x345e     0x4  low_level_init.o [2]
  .text              ro code       0x3462     0x4  exit.o [2]
  .text              ro code       0x3468     0xa  cexit.o [4]
  .rodata            const         0x3474    0x18  main.o [1]
  .rodata            const         0x348c    0x18  main.o [1]
  .rodata            const         0x34a4    0x10  Display.o [1]
  .rodata            const         0x34b4    0x10  Display.o [1]
  .rodata            const         0x34c4    0x10  IC_Test.o [1]
  .rodata            const         0x34d4    0x10  IC_Test.o [1]
  .text              ro code       0x34e4    0x10  startup_MK60D10.o [1]
  .rodata            const         0x34f4     0xc  Display.o [1]
  .rodata            const         0x3500     0xc  Display.o [1]
  .rodata            const         0x350c     0xc  Display.o [1]
  .rodata            const         0x3518     0xc  Display.o [1]
  .rodata            const         0x3524     0xc  Display.o [1]
  .rodata            const         0x3530     0xc  Display.o [1]
  .rodata            const         0x353c     0xc  IC_Test.o [1]
  .rodata            const         0x3548     0xc  IC_Test.o [1]
  .rodata            const         0x3554     0xc  IC_Test.o [1]
  .rodata            const         0x3560     0xc  IC_Test.o [1]
  .rodata            const         0x356c     0xc  IC_Test.o [1]
  .rodata            const         0x3578     0xc  IC_Test.o [1]
  .rodata            const         0x3584     0xc  IC_Test.o [1]
  .rodata            const         0x3590     0xc  IC_Test.o [1]
  .text              ro code       0x359c     0xc  cstartup_M.o [4]
  .rodata            const         0x35a8     0x8  Display.o [1]
  .rodata            const         0x35b0     0x8  Display.o [1]
  .rodata            const         0x35b8     0x8  Display.o [1]
  .rodata            const         0x35c0     0x8  Display.o [1]
  .rodata            const         0x35c8     0x8  Display.o [1]
  .rodata            const         0x35d0     0x8  Display.o [1]
  .rodata            const         0x35d8     0x8  IC_Test.o [1]
  .rodata            const         0x35e0     0x8  IC_Test.o [1]
  .rodata            const         0x35e8     0x8  IC_Test.o [1]
  .rodata            const         0x35f0     0x8  IC_Test.o [1]
  .rodata            const         0x35f8     0x8  IC_Test.o [1]
  .rodata            const         0x3600     0x4  xlocale_c.o [2]
  .text              ro code       0x3604     0x4  startup_MK60D10.o [1]
  .text              ro code       0x3608     0x4  startup_MK60D10.o [1]
  .text              ro code       0x360c     0x4  startup_MK60D10.o [1]
  .text              ro code       0x3610     0x4  startup_MK60D10.o [1]
  .text              ro code       0x3614     0x4  startup_MK60D10.o [1]
  .text              ro code       0x3618     0x4  startup_MK60D10.o [1]
  .text              ro code       0x361c     0x4  startup_MK60D10.o [1]
  .text              ro code       0x3620     0x4  startup_MK60D10.o [1]
  .text              ro code       0x3624     0x4  startup_MK60D10.o [1]
  .text              ro code       0x3628     0x4  startup_MK60D10.o [1]
  .text              ro code       0x362c     0x4  startup_MK60D10.o [1]
  .text              ro code       0x3630     0x4  startup_MK60D10.o [1]
  .text              ro code       0x3634     0x4  startup_MK60D10.o [1]
  .text              ro code       0x3638     0x4  startup_MK60D10.o [1]
  .text              ro code       0x363c     0x4  startup_MK60D10.o [1]
  .text              ro code       0x3640     0x4  startup_MK60D10.o [1]
  .text              ro code       0x3644     0x4  startup_MK60D10.o [1]
  .text              ro code       0x3648     0x4  startup_MK60D10.o [1]
  .text              ro code       0x364c     0x4  startup_MK60D10.o [1]
  .text              ro code       0x3650     0x4  startup_MK60D10.o [1]
  .text              ro code       0x3654     0x4  startup_MK60D10.o [1]
  .text              ro code       0x3658     0x4  startup_MK60D10.o [1]
  .text              ro code       0x365c     0x4  startup_MK60D10.o [1]
  .text              ro code       0x3660     0x4  startup_MK60D10.o [1]
  .text              ro code       0x3664     0x4  startup_MK60D10.o [1]
  .text              ro code       0x3668     0x4  startup_MK60D10.o [1]
  .text              ro code       0x366c     0x4  startup_MK60D10.o [1]
  .text              ro code       0x3670     0x4  startup_MK60D10.o [1]
  .text              ro code       0x3674     0x4  startup_MK60D10.o [1]
  .text              ro code       0x3678     0x4  startup_MK60D10.o [1]
  .text              ro code       0x367c     0x4  startup_MK60D10.o [1]
  .text              ro code       0x3680     0x4  startup_MK60D10.o [1]
  .text              ro code       0x3684     0x4  startup_MK60D10.o [1]
  .text              ro code       0x3688     0x4  startup_MK60D10.o [1]
  .text              ro code       0x368c     0x4  startup_MK60D10.o [1]
  .text              ro code       0x3690     0x4  startup_MK60D10.o [1]
  .text              ro code       0x3694     0x4  startup_MK60D10.o [1]
  .text              ro code       0x3698     0x4  startup_MK60D10.o [1]
  .text              ro code       0x369c     0x4  startup_MK60D10.o [1]
  .text              ro code       0x36a0     0x4  startup_MK60D10.o [1]
  .text              ro code       0x36a4     0x4  startup_MK60D10.o [1]
  .text              ro code       0x36a8     0x4  startup_MK60D10.o [1]
  .text              ro code       0x36ac     0x4  startup_MK60D10.o [1]
  .text              ro code       0x36b0     0x4  startup_MK60D10.o [1]
  .text              ro code       0x36b4     0x4  startup_MK60D10.o [1]
  .text              ro code       0x36b8     0x4  startup_MK60D10.o [1]
  .text              ro code       0x36bc     0x4  startup_MK60D10.o [1]
  .text              ro code       0x36c0     0x4  startup_MK60D10.o [1]
  .text              ro code       0x36c4     0x4  startup_MK60D10.o [1]
  .text              ro code       0x36c8     0x4  startup_MK60D10.o [1]
  .text              ro code       0x36cc     0x4  startup_MK60D10.o [1]
  .text              ro code       0x36d0     0x4  startup_MK60D10.o [1]
  .text              ro code       0x36d4     0x4  startup_MK60D10.o [1]
  .text              ro code       0x36d8     0x4  startup_MK60D10.o [1]
  .text              ro code       0x36dc     0x4  startup_MK60D10.o [1]
  .text              ro code       0x36e0     0x4  startup_MK60D10.o [1]
  .text              ro code       0x36e4     0x4  startup_MK60D10.o [1]
  .text              ro code       0x36e8     0x4  startup_MK60D10.o [1]
  .text              ro code       0x36ec     0x4  startup_MK60D10.o [1]
  .text              ro code       0x36f0     0x4  startup_MK60D10.o [1]
  .text              ro code       0x36f4     0x4  startup_MK60D10.o [1]
  .text              ro code       0x36f8     0x4  startup_MK60D10.o [1]
  .text              ro code       0x36fc     0x4  startup_MK60D10.o [1]
  .text              ro code       0x3700     0x4  startup_MK60D10.o [1]
  .text              ro code       0x3704     0x4  startup_MK60D10.o [1]
  .text              ro code       0x3708     0x4  startup_MK60D10.o [1]
  .text              ro code       0x370c     0x4  startup_MK60D10.o [1]
  .text              ro code       0x3710     0x4  startup_MK60D10.o [1]
  .text              ro code       0x3714     0x4  startup_MK60D10.o [1]
  .text              ro code       0x3718     0x4  startup_MK60D10.o [1]
  .text              ro code       0x371c     0x4  startup_MK60D10.o [1]
  .text              ro code       0x3720     0x4  startup_MK60D10.o [1]
  .text              ro code       0x3724     0x4  startup_MK60D10.o [1]
  .text              ro code       0x3728     0x4  startup_MK60D10.o [1]
  .text              ro code       0x372c     0x4  startup_MK60D10.o [1]
  .text              ro code       0x3730     0x4  startup_MK60D10.o [1]
  .text              ro code       0x3734     0x4  startup_MK60D10.o [1]
  .text              ro code       0x3738     0x4  startup_MK60D10.o [1]
  .text              ro code       0x373c     0x4  startup_MK60D10.o [1]
  .text              ro code       0x3740     0x4  startup_MK60D10.o [1]
  .text              ro code       0x3744     0x4  startup_MK60D10.o [1]
  .text              ro code       0x3748     0x4  startup_MK60D10.o [1]
  .text              ro code       0x374c     0x4  startup_MK60D10.o [1]
  .text              ro code       0x3750     0x4  startup_MK60D10.o [1]
  .text              ro code       0x3754     0x4  startup_MK60D10.o [1]
  .text              ro code       0x3758     0x4  startup_MK60D10.o [1]
  .text              ro code       0x375c     0x4  startup_MK60D10.o [1]
  .text              ro code       0x3760     0x4  startup_MK60D10.o [1]
  .text              ro code       0x3764     0x4  startup_MK60D10.o [1]
  .text              ro code       0x3768     0x4  startup_MK60D10.o [1]
  .text              ro code       0x376c     0x4  startup_MK60D10.o [1]
  .text              ro code       0x3770     0x4  startup_MK60D10.o [1]
  .text              ro code       0x3774     0x4  startup_MK60D10.o [1]
  .text              ro code       0x3778     0x4  startup_MK60D10.o [1]
  .text              ro code       0x377c     0x4  startup_MK60D10.o [1]
  .text              ro code       0x3780     0x4  startup_MK60D10.o [1]
  .text              ro code       0x3784     0x4  startup_MK60D10.o [1]
  .text              ro code       0x3788     0x4  startup_MK60D10.o [1]
  .text              ro code       0x378c     0x4  startup_MK60D10.o [1]
  .text              ro code       0x3790     0x4  startup_MK60D10.o [1]
  .text              ro code       0x3794     0x4  startup_MK60D10.o [1]
  .text              ro code       0x3798     0x4  startup_MK60D10.o [1]
  .text              ro code       0x379c     0x4  startup_MK60D10.o [1]
  .text              ro code       0x37a0     0x4  startup_MK60D10.o [1]
  .text              ro code       0x37a4     0x4  startup_MK60D10.o [1]
  .text              ro code       0x37a8     0x4  startup_MK60D10.o [1]
  .text              ro code       0x37ac     0x4  startup_MK60D10.o [1]
  .text              ro code       0x37b0     0x4  startup_MK60D10.o [1]
  .text              ro code       0x37b4     0x4  startup_MK60D10.o [1]
  .text              ro code       0x37b8     0x4  startup_MK60D10.o [1]
  .text              ro code       0x37bc     0x4  startup_MK60D10.o [1]
  .rodata            const         0x37c0     0x0  zero_init3.o [4]
  .rodata            const         0x37c0     0x0  copy_init3.o [4]
  Initializer bytes  const         0x37c0    0x48  <for P3 s0>
                                 - 0x3808  0x33f8

"P3", part 1 of 3:                           0x48
  P3 s0                       0x1fff'0000    0x48  <Init block>
    .data            inited   0x1fff'0000    0x38  xlocale_c.o [2]
    .data            inited   0x1fff'0038     0xc  CHIPs_Lib.o [1]
    .data            inited   0x1fff'0044     0x4  SystickDelay.o [1]
                            - 0x1fff'0048    0x48

"P3", part 2 of 3:                           0x74
  .bss               zero     0x1fff'0048    0x20  Display.o [1]
  .bss               zero     0x1fff'0068    0x20  IC_Test.o [1]
  .bss               zero     0x1fff'0088    0x20  LCD1602.o [1]
  .bss               zero     0x1fff'00a8     0xc  key_board.o [1]
  .bss               zero     0x1fff'00b4     0x4  xfail_s.o [2]
  .bss               zero     0x1fff'00b8     0x1  IC_Test.o [1]
  .bss               zero     0x1fff'00b9     0x1  IC_Test.o [1]
                            - 0x1fff'00ba    0x72

"P3", part 3 of 3:                         0x2000
  CSTACK                      0x1fff'00c0  0x2000  <Block>
    CSTACK           uninit   0x1fff'00c0  0x2000  <Block tail>
                            - 0x1fff'20c0  0x2000

Unused ranges:

         From           To      Size
         ----           --      ----
       0x3808     0x7'ffff  0x7'c7f8
  0x1fff'00bc  0x1fff'00bf       0x4
  0x1fff'20c0  0x1fff'ffff    0xdf40
  0x2000'0000  0x2000'ffff  0x1'0000


*******************************************************************************
*** INIT TABLE
***

          Address      Size
          -------      ----
Zero (__iar_zero_init3)
    1 destination range, total size 0x72:
          0x1fff'0048  0x72

Copy (__iar_copy_init3)
    1 source range, total size 0x48:
               0x37c0  0x48
    1 destination range, total size 0x48:
          0x1fff'0000  0x48



*******************************************************************************
*** MODULE SUMMARY
***

    Module              ro code  ro data  rw data
    ------              -------  -------  -------
command line/config:
    ---------------------------------------------
    Total:

C:\Users\asus\Documents\嵌入式\NXP\MK60DN512\自研发\IC芯片检测器项目重启\20191205——(手动查询)\IAR\Programs\Debug\Obj: [1]
    CHIPs_Lib.o                      252       12
    Display.o               628      216       32
    IC_Test.o             1 648      168       34
    LCD1602.o               844                32
    LED.o                   112
    SystickDelay.o           80        4        4
    isr.o                   348
    key_board.o             772                12
    main.o                  288       48
    startup_MK60D10.o     1 500
    system_MK60D10.o        218
    ---------------------------------------------
    Total:                6 438      688      126

dl7M_tlf.a: [2]
    abort.o                   6
    exit.o                    4
    low_level_init.o          4
    vsprintf.o               52
    xfail_s.o                64                 4
    xlocale_c.o               8       60       56
    xprintffull_nomb.o    3 570
    xsprout.o                10
    ---------------------------------------------
    Total:                3 718       60       60

m7M_tl.a: [3]
    DblAdd.o                362
    DblCmpGe.o               46
    DblCmpLe.o               46
    DblDiv.o                582
    DblMul.o                418
    DblSub.o                226
    DblToS32.o               58
    DblToU32.o               40
    S32ToDbl.o               34
    U32ToDbl.o               26
    frexp.o                 112
    ldexp.o                 314
    ---------------------------------------------
    Total:                2 264

rt7M_tl.a: [4]
    ABImemcpy.o             166
    I64DivMod.o             560
    I64DivZer.o               2
    cexit.o                  10
    cmain.o                  30
    copy_init3.o             44
    cstartup_M.o             12
    data_init.o              40
    memchr.o                 88
    strchr.o                 22
    strlen.o                 54
    zero_init3.o             58
    ---------------------------------------------
    Total:                1 086

shb_l.a: [5]
    exit.o                   20
    ---------------------------------------------
    Total:                   20

    Gaps                     30        4
    Linker created                    36    8 192
-------------------------------------------------
    Grand Total:         13 556      788    8 378


*******************************************************************************
*** ENTRY LIST
***

Entry                       Address   Size  Type      Object
-----                       -------   ----  ----      ------
.iar.init_table$$Base        0x341c          --   Gb  - Linker created -
.iar.init_table$$Limit       0x3440          --   Gb  - Linker created -
?main                        0x3441         Code  Gb  cmain.o [4]
AUTO_Test                    0x2037   0x2a  Code  Gb  IC_Test.o [1]
CHIP_Edge                    0x3388   0x40  Data  Gb  Display.o [1]
CHIP_Parameter          0x1fff'0068   0x20  Data  Gb  IC_Test.o [1]
CSTACK$$Base            0x1fff'00c0          --   Gb  - Linker created -
CSTACK$$Limit           0x1fff'20c0          --   Gb  - Linker created -
CleanScreen                  0x2ad1   0x10  Code  Gb  LCD1602.o [1]
DSP_ChipFig                  0x270d   0x92  Code  Gb  Display.o [1]
DSP_Info_Init                0x2589   0x58  Code  Gb  Display.o [1]
DSP_Info_Structure      0x1fff'0048   0x20  Data  Gb  Display.o [1]
DSP_Information              0x25e1  0x12c  Code  Gb  Display.o [1]
DectorLastState         0x1fff'00b9    0x1  Data  Gb  IC_Test.o [1]
DectorState             0x1fff'00b8    0x1  Data  Gb  IC_Test.o [1]
Dector_Init                  0x1f19  0x11e  Code  Gb  IC_Test.o [1]
Disable_Wdog                 0x31bd   0x18  Code  Gb  system_MK60D10.o [1]
GATE_ACKs                    0x3310   0x78  Data  Gb  CHIPs_Lib.o [1]
GATE_ID                      0x2151   0xaa  Code  Lc  IC_Test.o [1]
GATE_KEYs                    0x3298   0x78  Data  Gb  CHIPs_Lib.o [1]
GATE_Test                    0x2201  0x1a6  Code  Lc  IC_Test.o [1]
GET_Keyboard                 0x2d71  0x122  Code  Gb  key_board.o [1]
ID2INDEX                     0x23a7   0xdc  Code  Gb  IC_Test.o [1]
IO__GATE                0x1fff'0038    0xc  Data  Gb  CHIPs_Lib.o [1]
KEYs_Init                    0x2c0f   0x42  Code  Gb  key_board.o [1]
Keyboard_GetChar             0x2d03   0x6e  Code  Gb  key_board.o [1]
LCD1602_Char                 0x2aa1   0x30  Code  Gb  LCD1602.o [1]
LCD1602_CheckBusy            0x290d   0x40  Code  Gb  LCD1602.o [1]
LCD1602_DefChar              0x2ae1   0x34  Code  Gb  LCD1602.o [1]
LCD1602_GPIO_Configuration
                             0x29b1   0xb4  Code  Gb  LCD1602.o [1]
LCD1602_Init                 0x284d   0x5c  Code  Gb  LCD1602.o [1]
LCD1602_Str                  0x2a65   0x3c  Code  Gb  LCD1602.o [1]
LCD1602_WriteCmd             0x28a9   0x64  Code  Gb  LCD1602.o [1]
LCD1602_WriteDat             0x294d   0x64  Code  Gb  LCD1602.o [1]
LED_Init                     0x314d   0x70  Code  Gb  LED.o [1]
LoadInt                       0x5bf   0x7a  Code  Lc  xprintffull_nomb.o [2]
MANUAL_Test                  0x2061   0x34  Code  Gb  IC_Test.o [1]
NMI_Handler                  0x3295    0x2  Code  Gb  system_MK60D10.o [1]
NVIC_EnableIRQ               0x2bcd   0x16  Code  Lc  key_board.o [1]
NVIC_SetPriority             0x2be3   0x2c  Code  Lc  key_board.o [1]
PORTA_IRQHandler             0x2ed1   0x22  Code  Gb  isr.o [1]
PORTE_IRQHandler             0x2ef3  0x114  Code  Gb  isr.o [1]
Printf                       0x2b15   0x5a  Code  Gb  LCD1602.o [1]
Region$$Table$$Base          0x341c          --   Gb  - Linker created -
Region$$Table$$Limit         0x3440          --   Gb  - Linker created -
SYSTEM_CLK                   0x31d5   0x8a  Code  Gb  system_MK60D10.o [1]
Start                        0x3289    0xc  Code  Gb  system_MK60D10.o [1]
System_Initialization        0x3101   0x30  Code  Gb  main.o [1]
TEST_Direction               0x20bd   0x40  Code  Gb  IC_Test.o [1]
TEST_ID                      0x213d   0x14  Code  Gb  IC_Test.o [1]
TEST_Init                    0x2095   0x28  Code  Gb  IC_Test.o [1]
TEST_Type                    0x20fd   0x40  Code  Gb  IC_Test.o [1]
_GenldFullNoMb                0xf01  0x274  Code  Lc  xprintffull_nomb.o [2]
_LdtobFullNoMb                0xafd  0x3d6  Code  Lc  xprintffull_nomb.o [2]
_LitobFullNoMb                0x9ad  0x10a  Code  Lc  xprintffull_nomb.o [2]
_Locale_lconv           0x1fff'0000   0x38  Data  Lc  xlocale_c.o [2]
_PrintfFullNoMb               0x411  0x19e  Code  Gb  xprintffull_nomb.o [2]
_PutcharsFullNoMb            0x1175   0x2e  Code  Lc  xprintffull_nomb.o [2]
_PutfldFullNoMb               0x639  0x268  Code  Lc  xprintffull_nomb.o [2]
_PuttxtFullNoMb               0x8a1  0x10c  Code  Lc  xprintffull_nomb.o [2]
_SProut                      0x1253    0xa  Code  Gb  xsprout.o [2]
__DEBUG_PRINT_TYPE           0x2483   0x82  Code  Gb  IC_Test.o [1]
__Vectors                       0x0          --   Gb  startup_MK60D10.o [1]
__Vectors_End                 0x400         Data  Gb  startup_MK60D10.o [1]
__Vectors_Size {Abs}          0x400          --   Gb  startup_MK60D10.o [1]
__aeabi_cdcmple              0x1819         Code  Gb  DblCmpLe.o [3]
__aeabi_cdrcmple             0x1849         Code  Gb  DblCmpGe.o [3]
__aeabi_d2iz                 0x19b5         Code  Gb  DblToS32.o [3]
__aeabi_d2uiz                0x1d41         Code  Gb  DblToU32.o [3]
__aeabi_ddiv                 0x1af9         Code  Gb  DblDiv.o [3]
__aeabi_dmul                 0x155d         Code  Gb  DblMul.o [3]
__aeabi_dsub                 0x1a15         Code  Gb  DblSub.o [3]
__aeabi_i2d                  0x19f1         Code  Gb  S32ToDbl.o [3]
__aeabi_ldiv0                0x1d95         Code  Gb  I64DivZer.o [4]
__aeabi_memcpy               0x1701         Code  Gb  ABImemcpy.o [4]
__aeabi_memcpy4              0x1721         Code  Gb  ABImemcpy.o [4]
__aeabi_memcpy8              0x1721         Code  Gb  ABImemcpy.o [4]
__aeabi_ui2d                 0x1d69         Code  Gb  U32ToDbl.o [3]
__aeabi_uldivmod             0x132d         Code  Gb  I64DivMod.o [4]
__cmain                      0x3441         Code  Gb  cmain.o [4]
__exit                       0x1f05   0x14  Code  Gb  exit.o [5]
__iar_Fail_s                 0x125d   0x1c  Code  Gb  xfail_s.o [2]
__iar_Memchr                 0x12d5         Code  Gb  memchr.o [4]
__iar_Strchr                 0x123d         Code  Gb  strchr.o [4]
__iar_copy_init3             0x33c9   0x2c  Code  Gb  copy_init3.o [4]
__iar_dadd                   0x1a25         Code  Gb  DblSub.o [3]
__iar_data_init3             0x33f5   0x28  Code  Gb  data_init.o [4]
__iar_dsub                   0x1d99         Code  Gb  DblAdd.o [3]
__iar_dsubStart              0x1dab         Code  Gb  DblAdd.o [3]
__iar_frexp                  0x17b5         Code  Gb  frexp.o [3]
__iar_frexp64                0x17a9         Code  Gb  frexp.o [3]
__iar_frexpl                 0x17b5         Code  Gb  frexp.o [3]
__iar_ldexp64                0x1879         Code  Gb  ldexp.o [3]
__iar_program_start          0x359d         Code  Gb  cstartup_M.o [4]
__iar_scalbln64              0x1879         Code  Gb  ldexp.o [3]
__iar_scalbn64               0x1879         Code  Gb  ldexp.o [3]
__iar_zero_init3             0x1203   0x3a  Code  Gb  zero_init3.o [4]
__low_level_init             0x345f    0x4  Code  Gb  low_level_init.o [2]
__vector_table                  0x0         Data  Gb  startup_MK60D10.o [1]
_call_main                   0x344d         Code  Gb  cmain.o [4]
_exit                        0x3469         Code  Gb  cexit.o [4]
_main                        0x345b         Code  Gb  cmain.o [4]
abort                        0x1d8d    0x6  Code  Gb  abort.o [2]
buf                     0x1fff'00a8    0xc  Data  Gb  key_board.o [1]
core_clk_mhz            0x1fff'0044    0x4  Data  Gb  SystickDelay.o [1]
exit                         0x3463    0x4  Code  Gb  exit.o [2]
frexp                        0x17a9         Code  Gb  frexp.o [3]
frexpl                       0x17a9         Code  Gb  frexp.o [3]
key_board_Init               0x2c51   0xb2  Code  Gb  key_board.o [1]
ldexp                        0x1879         Code  Gb  ldexp.o [3]
ldexpl                       0x1879         Code  Gb  ldexp.o [3]
localeconv                   0x1d85    0x4  Code  Gb  xlocale_c.o [2]
main                         0x302d   0xd4  Code  Gb  main.o [1]
memchr                       0x12d5         Code  Gb  memchr.o [4]
scalbln                      0x1879         Code  Gb  ldexp.o [3]
scalblnl                     0x1879         Code  Gb  ldexp.o [3]
scalbn                       0x1879         Code  Gb  ldexp.o [3]
scalbnl                      0x1879         Code  Gb  ldexp.o [3]
scale                         0xab7   0x46  Code  Lc  xprintffull_nomb.o [2]
sec_hand                0x1fff'00b4    0x4  Data  Lc  xfail_s.o [2]
sprint_buf              0x1fff'0088   0x20  Data  Lc  LCD1602.o [1]
strchr                       0x123d         Code  Gb  strchr.o [4]
strlen                       0x129d         Code  Gb  strlen.o [4]
systick_delay                0x27fd   0x20  Code  Gb  SystickDelay.o [1]
systick_delay_ms             0x281d   0x1e  Code  Gb  SystickDelay.o [1]
vsprintf                     0x2b99   0x34  Code  Gb  vsprintf.o [2]


[1] = C:\Users\asus\Documents\嵌入式\NXP\MK60DN512\自研发\IC芯片检测器项目重启\20191205——(手动查询)\IAR\Programs\Debug\Obj
[2] = dl7M_tlf.a
[3] = m7M_tl.a
[4] = rt7M_tl.a
[5] = shb_l.a

  13 556 bytes of readonly  code memory
     788 bytes of readonly  data memory
   8 378 bytes of readwrite data memory

Errors: none
Warnings: none
