###############################################################################
#
# IAR ELF Linker V8.32.1.169/W32 for ARM                  05/Apr/2020  17:10:54
# Copyright 2007-2018 IAR Systems AB.
#
#    Output file  =  
#        C:\Users\asus\Documents\嵌入式\NXP\MK60DN512\自研发\IC芯片检测器项目重启\20200316——(真值表)\IAR\Programs\Debug\Exe\Chips_Detector.out
#    Map file     =  
#        C:\Users\asus\Documents\嵌入式\NXP\MK60DN512\自研发\IC芯片检测器项目重启\20200316——(真值表)\IAR\Programs\Debug\List\Chips_Detector.map
#    Command line =  
#        -f C:\Users\asus\AppData\Local\Temp\EWA64E.tmp
#        ("C:\Users\asus\Documents\嵌入式\NXP\MK60DN512\自研发\IC芯片检测器项目重启\20200316——(真值表)\IAR\Programs\Debug\Obj\CHIPs_Lib.o"
#        "C:\Users\asus\Documents\嵌入式\NXP\MK60DN512\自研发\IC芯片检测器项目重启\20200316——(真值表)\IAR\Programs\Debug\Obj\debug.o"
#        "C:\Users\asus\Documents\嵌入式\NXP\MK60DN512\自研发\IC芯片检测器项目重启\20200316——(真值表)\IAR\Programs\Debug\Obj\IC_Test.o"
#        "C:\Users\asus\Documents\嵌入式\NXP\MK60DN512\自研发\IC芯片检测器项目重启\20200316——(真值表)\IAR\Programs\Debug\Obj\information.o"
#        "C:\Users\asus\Documents\嵌入式\NXP\MK60DN512\自研发\IC芯片检测器项目重启\20200316——(真值表)\IAR\Programs\Debug\Obj\isr.o"
#        "C:\Users\asus\Documents\嵌入式\NXP\MK60DN512\自研发\IC芯片检测器项目重启\20200316——(真值表)\IAR\Programs\Debug\Obj\key_board.o"
#        "C:\Users\asus\Documents\嵌入式\NXP\MK60DN512\自研发\IC芯片检测器项目重启\20200316——(真值表)\IAR\Programs\Debug\Obj\LCD1602.o"
#        "C:\Users\asus\Documents\嵌入式\NXP\MK60DN512\自研发\IC芯片检测器项目重启\20200316——(真值表)\IAR\Programs\Debug\Obj\LED.o"
#        "C:\Users\asus\Documents\嵌入式\NXP\MK60DN512\自研发\IC芯片检测器项目重启\20200316——(真值表)\IAR\Programs\Debug\Obj\main.o"
#        "C:\Users\asus\Documents\嵌入式\NXP\MK60DN512\自研发\IC芯片检测器项目重启\20200316——(真值表)\IAR\Programs\Debug\Obj\mathematics.o"
#        "C:\Users\asus\Documents\嵌入式\NXP\MK60DN512\自研发\IC芯片检测器项目重启\20200316——(真值表)\IAR\Programs\Debug\Obj\Num_Convert.o"
#        "C:\Users\asus\Documents\嵌入式\NXP\MK60DN512\自研发\IC芯片检测器项目重启\20200316——(真值表)\IAR\Programs\Debug\Obj\startup_MK60D10.o"
#        "C:\Users\asus\Documents\嵌入式\NXP\MK60DN512\自研发\IC芯片检测器项目重启\20200316——(真值表)\IAR\Programs\Debug\Obj\system_MK60D10.o"
#        "C:\Users\asus\Documents\嵌入式\NXP\MK60DN512\自研发\IC芯片检测器项目重启\20200316——(真值表)\IAR\Programs\Debug\Obj\SystickDelay.o"
#        --no_out_extension -o
#        "C:\Users\asus\Documents\嵌入式\NXP\MK60DN512\自研发\IC芯片检测器项目重启\20200316——(真值表)\IAR\Programs\Debug\Exe\Chips_Detector.out"
#        --map
#        "C:\Users\asus\Documents\嵌入式\NXP\MK60DN512\自研发\IC芯片检测器项目重启\20200316——(真值表)\IAR\Programs\Debug\List\Chips_Detector.map"
#        --config "C:\Program Files (x86)\IAR Systems\Embedded Workbench
#        8.2\arm\config\linker\NXP\MK60xN512_10.icf" --semihosting --entry
#        __iar_program_start --vfe --text_out locale)
#
###############################################################################

*******************************************************************************
*** RUNTIME MODEL ATTRIBUTES
***

CppFlavor                     = *
__CPP_Exceptions              = Disabled
__CPP_Language                = C++14
__Heap_Handler                = DLMalloc
__SystemLibrary               = DLib
__dlib_dynamic_initialization = normal
__dlib_version                = 6


*******************************************************************************
*** HEAP SELECTION
***

The advanced heap was selected because the application calls memory
allocation functions outside of system library functions, and there
are calls to deallocation functions in the application.


*******************************************************************************
*** PLACEMENT SUMMARY
***

"A0":  place at 0x0 { ro section .intvec };
"P2":  place in [from 0x0 to 0x3ff] |
                [from 0x410 to 0x7'ffff] { ro };
define block CSTACK with size = 8K, alignment = 8 { };
define block HEAP with size = 16K, alignment = 8 { };
"P3":  place in [from 0x1fff'0000 to 0x1fff'ffff repeat 2] {
          rw, block CSTACK, block HEAP };
initialize by copy { rw };

No sections matched the following patterns:

  section FlashConfig  in "P1"


  Section                Kind         Address    Size  Object
  -------                ----         -------    ----  ------
"A0":                                           0x410
  .intvec                ro code          0x0   0x410  startup_MK60D10.o [1]
                                      - 0x410   0x410

"P2":                                           0xa74
  .text                  ro code        0x410   0x384  IC_Test.o [1]
  .text                  ro code        0x794     0xa  cxxabi.o [3]
  .text                  ro code        0x79e    0x3a  zero_init3.o [5]
  .text                  ro code        0x7d8    0x50  SystickDelay.o [1]
  .text                  ro code        0x828   0x15c  key_board.o [1]
  .text                  ro code        0x984    0xa0  cppinit.o [2]
  .text                  ro code        0xa24    0xda  system_MK60D10.o [1]
  .rodata                const          0xafe     0x1  unwind_debug.o [6]
  .text                  ro code        0xb00    0x4c  isr.o [1]
  .text                  ro code        0xb4c    0x44  main.o [1]
  .text                  ro code        0xb90    0x2c  copy_init3.o [5]
  .text                  ro code        0xbbc    0x28  data_init.o [5]
  .iar.init_table        const          0xbe4    0x28  - Linker created -
  .text                  ro code        0xc0c    0x20  cmain_call_ctors.o [5]
  .text                  ro code        0xc2c    0x1e  cmain.o [5]
  .text                  ro code        0xc4a     0x4  low_level_init.o [2]
  .text                  ro code        0xc4e     0x4  exit.o [2]
  .text                  ro code        0xc54     0xe  cexit.o [5]
  .text                  ro code        0xc64    0x14  exit.o [6]
  .rodata                const          0xc78    0x10  IC_Test.o [1]
  .text                  ro code        0xc88    0x10  startup_MK60D10.o [1]
  .rodata                const          0xc98     0xc  IC_Test.o [1]
  .rodata                const          0xca4     0xc  IC_Test.o [1]
  .text                  ro code        0xcb0     0xc  cstartup_M.o [5]
  SHT$$PREINIT_ARRAY                    0xcbc     0x0  <Block>
  SHT$$INIT_ARRAY                       0xcbc     0x8  <Block>
    .init_array          const          0xcbc     0x4  IC_Test.o [1]
    .init_array          const          0xcc0     0x4  main.o [1]
  __iar_tls$$INIT_ARRAY                 0xcc4     0x0  <Block>
  .text                  ro code        0xcc4     0x4  startup_MK60D10.o [1]
  .text                  ro code        0xcc8     0x4  startup_MK60D10.o [1]
  .text                  ro code        0xccc     0x4  startup_MK60D10.o [1]
  .text                  ro code        0xcd0     0x4  startup_MK60D10.o [1]
  .text                  ro code        0xcd4     0x4  startup_MK60D10.o [1]
  .text                  ro code        0xcd8     0x4  startup_MK60D10.o [1]
  .text                  ro code        0xcdc     0x4  startup_MK60D10.o [1]
  .text                  ro code        0xce0     0x4  startup_MK60D10.o [1]
  .text                  ro code        0xce4     0x4  startup_MK60D10.o [1]
  .text                  ro code        0xce8     0x4  startup_MK60D10.o [1]
  .text                  ro code        0xcec     0x4  startup_MK60D10.o [1]
  .text                  ro code        0xcf0     0x4  startup_MK60D10.o [1]
  .text                  ro code        0xcf4     0x4  startup_MK60D10.o [1]
  .text                  ro code        0xcf8     0x4  startup_MK60D10.o [1]
  .text                  ro code        0xcfc     0x4  startup_MK60D10.o [1]
  .text                  ro code        0xd00     0x4  startup_MK60D10.o [1]
  .text                  ro code        0xd04     0x4  startup_MK60D10.o [1]
  .text                  ro code        0xd08     0x4  startup_MK60D10.o [1]
  .text                  ro code        0xd0c     0x4  startup_MK60D10.o [1]
  .text                  ro code        0xd10     0x4  startup_MK60D10.o [1]
  .text                  ro code        0xd14     0x4  startup_MK60D10.o [1]
  .text                  ro code        0xd18     0x4  startup_MK60D10.o [1]
  .text                  ro code        0xd1c     0x4  startup_MK60D10.o [1]
  .text                  ro code        0xd20     0x4  startup_MK60D10.o [1]
  .text                  ro code        0xd24     0x4  startup_MK60D10.o [1]
  .text                  ro code        0xd28     0x4  startup_MK60D10.o [1]
  .text                  ro code        0xd2c     0x4  startup_MK60D10.o [1]
  .text                  ro code        0xd30     0x4  startup_MK60D10.o [1]
  .text                  ro code        0xd34     0x4  startup_MK60D10.o [1]
  .text                  ro code        0xd38     0x4  startup_MK60D10.o [1]
  .text                  ro code        0xd3c     0x4  startup_MK60D10.o [1]
  .text                  ro code        0xd40     0x4  startup_MK60D10.o [1]
  .text                  ro code        0xd44     0x4  startup_MK60D10.o [1]
  .text                  ro code        0xd48     0x4  startup_MK60D10.o [1]
  .text                  ro code        0xd4c     0x4  startup_MK60D10.o [1]
  .text                  ro code        0xd50     0x4  startup_MK60D10.o [1]
  .text                  ro code        0xd54     0x4  startup_MK60D10.o [1]
  .text                  ro code        0xd58     0x4  startup_MK60D10.o [1]
  .text                  ro code        0xd5c     0x4  startup_MK60D10.o [1]
  .text                  ro code        0xd60     0x4  startup_MK60D10.o [1]
  .text                  ro code        0xd64     0x4  startup_MK60D10.o [1]
  .text                  ro code        0xd68     0x4  startup_MK60D10.o [1]
  .text                  ro code        0xd6c     0x4  startup_MK60D10.o [1]
  .text                  ro code        0xd70     0x4  startup_MK60D10.o [1]
  .text                  ro code        0xd74     0x4  startup_MK60D10.o [1]
  .text                  ro code        0xd78     0x4  startup_MK60D10.o [1]
  .text                  ro code        0xd7c     0x4  startup_MK60D10.o [1]
  .text                  ro code        0xd80     0x4  startup_MK60D10.o [1]
  .text                  ro code        0xd84     0x4  startup_MK60D10.o [1]
  .text                  ro code        0xd88     0x4  startup_MK60D10.o [1]
  .text                  ro code        0xd8c     0x4  startup_MK60D10.o [1]
  .text                  ro code        0xd90     0x4  startup_MK60D10.o [1]
  .text                  ro code        0xd94     0x4  startup_MK60D10.o [1]
  .text                  ro code        0xd98     0x4  startup_MK60D10.o [1]
  .text                  ro code        0xd9c     0x4  startup_MK60D10.o [1]
  .text                  ro code        0xda0     0x4  startup_MK60D10.o [1]
  .text                  ro code        0xda4     0x4  startup_MK60D10.o [1]
  .text                  ro code        0xda8     0x4  startup_MK60D10.o [1]
  .text                  ro code        0xdac     0x4  startup_MK60D10.o [1]
  .text                  ro code        0xdb0     0x4  startup_MK60D10.o [1]
  .text                  ro code        0xdb4     0x4  startup_MK60D10.o [1]
  .text                  ro code        0xdb8     0x4  startup_MK60D10.o [1]
  .text                  ro code        0xdbc     0x4  startup_MK60D10.o [1]
  .text                  ro code        0xdc0     0x4  startup_MK60D10.o [1]
  .text                  ro code        0xdc4     0x4  startup_MK60D10.o [1]
  .text                  ro code        0xdc8     0x4  startup_MK60D10.o [1]
  .text                  ro code        0xdcc     0x4  startup_MK60D10.o [1]
  .text                  ro code        0xdd0     0x4  startup_MK60D10.o [1]
  .text                  ro code        0xdd4     0x4  startup_MK60D10.o [1]
  .text                  ro code        0xdd8     0x4  startup_MK60D10.o [1]
  .text                  ro code        0xddc     0x4  startup_MK60D10.o [1]
  .text                  ro code        0xde0     0x4  startup_MK60D10.o [1]
  .text                  ro code        0xde4     0x4  startup_MK60D10.o [1]
  .text                  ro code        0xde8     0x4  startup_MK60D10.o [1]
  .text                  ro code        0xdec     0x4  startup_MK60D10.o [1]
  .text                  ro code        0xdf0     0x4  startup_MK60D10.o [1]
  .text                  ro code        0xdf4     0x4  startup_MK60D10.o [1]
  .text                  ro code        0xdf8     0x4  startup_MK60D10.o [1]
  .text                  ro code        0xdfc     0x4  startup_MK60D10.o [1]
  .text                  ro code        0xe00     0x4  startup_MK60D10.o [1]
  .text                  ro code        0xe04     0x4  startup_MK60D10.o [1]
  .text                  ro code        0xe08     0x4  startup_MK60D10.o [1]
  .text                  ro code        0xe0c     0x4  startup_MK60D10.o [1]
  .text                  ro code        0xe10     0x4  startup_MK60D10.o [1]
  .text                  ro code        0xe14     0x4  startup_MK60D10.o [1]
  .text                  ro code        0xe18     0x4  startup_MK60D10.o [1]
  .text                  ro code        0xe1c     0x4  startup_MK60D10.o [1]
  .text                  ro code        0xe20     0x4  startup_MK60D10.o [1]
  .text                  ro code        0xe24     0x4  startup_MK60D10.o [1]
  .text                  ro code        0xe28     0x4  startup_MK60D10.o [1]
  .text                  ro code        0xe2c     0x4  startup_MK60D10.o [1]
  .text                  ro code        0xe30     0x4  startup_MK60D10.o [1]
  .text                  ro code        0xe34     0x4  startup_MK60D10.o [1]
  .text                  ro code        0xe38     0x4  startup_MK60D10.o [1]
  .text                  ro code        0xe3c     0x4  startup_MK60D10.o [1]
  .text                  ro code        0xe40     0x4  startup_MK60D10.o [1]
  .text                  ro code        0xe44     0x4  startup_MK60D10.o [1]
  .text                  ro code        0xe48     0x4  startup_MK60D10.o [1]
  .text                  ro code        0xe4c     0x4  startup_MK60D10.o [1]
  .text                  ro code        0xe50     0x4  startup_MK60D10.o [1]
  .text                  ro code        0xe54     0x4  startup_MK60D10.o [1]
  .text                  ro code        0xe58     0x4  startup_MK60D10.o [1]
  .text                  ro code        0xe5c     0x4  startup_MK60D10.o [1]
  .text                  ro code        0xe60     0x4  startup_MK60D10.o [1]
  .text                  ro code        0xe64     0x4  startup_MK60D10.o [1]
  .text                  ro code        0xe68     0x4  startup_MK60D10.o [1]
  .text                  ro code        0xe6c     0x4  startup_MK60D10.o [1]
  .text                  ro code        0xe70     0x4  startup_MK60D10.o [1]
  .text                  ro code        0xe74     0x4  startup_MK60D10.o [1]
  .text                  ro code        0xe78     0x4  startup_MK60D10.o [1]
  .text                  ro code        0xe7c     0x4  startup_MK60D10.o [1]
  .text                  ro code        0xe80     0x0  cstart_call_dtors.o [5]
  .rodata                const          0xe80     0x0  zero_init3.o [5]
  .rodata                const          0xe80     0x0  copy_init3.o [5]
  Initializer bytes      const          0xe80     0x4  <for P3 s0>
                                      - 0xe84   0xa74

"P3", part 1 of 3:                                0x4
  P3 s0                           0x1fff'0000     0x4  <Init block>
    .data                inited   0x1fff'0000     0x4  SystickDelay.o [1]
                                - 0x1fff'0004     0x4

"P3", part 2 of 3:                               0xe8
  .bss                   zero     0x1fff'0004    0xd0  main.o [1]
  .bss                   zero     0x1fff'00d4    0x10  IC_Test.o [1]
  .bss                   zero     0x1fff'00e4     0x4  cppinit.o [2]
  .bss                   zero     0x1fff'00e8     0x4  cppinit.o [2]
                                - 0x1fff'00ec    0xe8

"P3", part 3 of 3:                             0x219c
  .iar.dynexit                    0x1fff'00ec   0x198  <Block>
    .iar.dynexit         uninit   0x1fff'00ec     0xc  cppinit.o [2]
    .iar.dynexit         uninit   0x1fff'00f8   0x18c  <Block tail>
  CSTACK                          0x1fff'0288  0x2000  <Block>
    CSTACK               uninit   0x1fff'0288  0x2000  <Block tail>
                                - 0x1fff'2288  0x219c

Unused ranges:

         From           To      Size
         ----           --      ----
        0xe84     0x7'ffff  0x7'f17c
  0x1fff'2288  0x1fff'ffff    0xdd78
  0x2000'0000  0x2000'ffff  0x1'0000


*******************************************************************************
*** INIT TABLE
***

          Address      Size
          -------      ----
Zero (__iar_zero_init3)
    1 destination range, total size 0xe8:
          0x1fff'0004  0xe8

Copy (__iar_copy_init3)
    1 source range, total size 0x4:
                0xe80   0x4
    1 destination range, total size 0x4:
          0x1fff'0000   0x4

Extra (__iar_cstart_call_ctors)



*******************************************************************************
*** MODULE SUMMARY
***

    Module               ro code  ro data  rw data
    ------               -------  -------  -------
command line/config:
    ----------------------------------------------
    Total:

C:\Users\asus\Documents\嵌入式\NXP\MK60DN512\自研发\IC芯片检测器项目重启\20200316——(真值表)\IAR\Programs\Debug\Obj: [1]
    IC_Test.o                900       44       16
    SystickDelay.o            80        4        4
    isr.o                     76
    key_board.o              348
    main.o                    68        4      208
    startup_MK60D10.o      1 500
    system_MK60D10.o         218
    ----------------------------------------------
    Total:                 3 190       52      228

dl7M_tlf.a: [2]
    cppinit.o                160                20
    exit.o                     4
    low_level_init.o           4
    ----------------------------------------------
    Total:                   168                20

dlpp7M_tl_fc.a: [3]
    cxxabi.o                  10
    ----------------------------------------------
    Total:                    10

m7M_tl.a: [4]
    ----------------------------------------------
    Total:

rt7M_tl.a: [5]
    cexit.o                   14
    cmain.o                   30
    cmain_call_ctors.o        32
    copy_init3.o              44
    cstart_call_dtors.o
    cstartup_M.o              12
    data_init.o               40
    zero_init3.o              58
    ----------------------------------------------
    Total:                   230

shb_l.a: [6]
    exit.o                    20
    unwind_debug.o                      1
    ----------------------------------------------
    Total:                    20        1

    Gaps                       5
    Linker created                     40    8 588
--------------------------------------------------
    Grand Total:           3 623       93    8 836


*******************************************************************************
*** ENTRY LIST
***

Entry                       Address   Size  Type      Object
-----                       -------   ----  ----      ------
$system$                0x1fff'00d4   0x10  Data  Gb  IC_Test.o [1]
.iar.dynexit$$Base      0x1fff'00ec          --   Gb  - Linker created -
.iar.dynexit$$Limit     0x1fff'0284          --   Gb  - Linker created -
.iar.init_table$$Base         0xbe4          --   Gb  - Linker created -
.iar.init_table$$Limit        0xc0c          --   Gb  - Linker created -
?main                         0xc2d         Code  Gb  cmain.o [5]
CSTACK$$Base            0x1fff'0288          --   Gb  - Linker created -
CSTACK$$Limit           0x1fff'2288          --   Gb  - Linker created -
Detector::Detector()          0x429   0x78  Code  Gb  IC_Test.o [1]
Detector::init()              0x4b1   0xe0  Code  Gb  IC_Test.o [1]
Detector::~Detector()         0x4a1   0x10  Code  Gb  IC_Test.o [1]
Disable_Wdog()                0xa25   0x18  Code  Gb  system_MK60D10.o [1]
DtorRecArray            0x1fff'00ec    0xc  Data  Lc  cppinit.o [2]
GET_Keyboard()                0x843  0x122  Code  Gb  key_board.o [1]
GET_TestKey()                 0x829   0x1a  Code  Gb  key_board.o [1]
NMI_Handler                   0xafd    0x2  Code  Gb  system_MK60D10.o [1]
PORTA_IRQHandler              0xb01   0x1c  Code  Gb  isr.o [1]
PORTE_IRQHandler              0xb1d   0x1a  Code  Gb  isr.o [1]
Region$$Table$$Base           0xbe4          --   Gb  - Linker created -
Region$$Table$$Limit          0xc0c          --   Gb  - Linker created -
SHT$$INIT_ARRAY$$Base         0xcbc          --   Gb  - Linker created -
SHT$$INIT_ARRAY$$Limit        0xcc4          --   Gb  - Linker created -
SHT$$PREINIT_ARRAY$$Base
                              0xcbc          --   Gb  - Linker created -
SHT$$PREINIT_ARRAY$$Limit
                              0xcbc          --   Gb  - Linker created -
SYSTEM_CLK()                  0xa3d   0x8a  Code  Gb  system_MK60D10.o [1]
Start                         0xaf1    0xc  Code  Gb  system_MK60D10.o [1]
System::System()              0x5cd   0x1a  Code  Gb  IC_Test.o [1]
System::getClock()            0x5e9   0x44  Code  Gb  IC_Test.o [1]
System::selfLoopBack(Detector *)
                              0x6b7   0xbc  Code  Gb  IC_Test.o [1]
System::taskAllocate(void (*)())
                              0x62f   0x88  Code  Gb  IC_Test.o [1]
System::~System()             0x5e7    0x2  Code  Gb  IC_Test.o [1]
Test::Test()                  0x595    0x2  Code  Gb  IC_Test.o [1]
Test::~Test()                 0x597    0x2  Code  Gb  IC_Test.o [1]
__Vectors                       0x0          --   Gb  startup_MK60D10.o [1]
__Vectors_End                 0x400         Data  Gb  startup_MK60D10.o [1]
__Vectors_Size {Abs}          0x400          --   Gb  startup_MK60D10.o [1]
__aeabi_atexit                0x795    0xa  Code  Gb  cxxabi.o [3]
__call_ctors                  0x985   0x18  Code  Gb  cppinit.o [2]
__call_dtors                  0x9d3    0xc  Code  Gb  cppinit.o [2]
__call_dtors0                 0x9df   0x36  Code  Gb  cppinit.o [2]
__cexit_call_dtors            0xc57         Code  Gb  cexit.o [5]
__cmain                       0xc2d         Code  Gb  cmain.o [5]
__cstart_call_dtors           0xe80         Data  Gb  cstart_call_dtors.o [5]
__cxa_atexit                  0x99d   0x36  Code  Gb  cppinit.o [2]
__dso_handle            0x1fff'00e8    0x4  Data  Gb  cppinit.o [2]
__exit                        0xc65   0x14  Code  Gb  exit.o [6]
__iar_copy_init3              0xb91   0x2c  Code  Gb  copy_init3.o [5]
__iar_cstart_call_ctors
                              0xc0d   0x20  Code  Gb  cmain_call_ctors.o [5]
__iar_data_init3              0xbbd   0x28  Code  Gb  data_init.o [5]
__iar_debug_exceptions        0xafe    0x1  Data  Gb  unwind_debug.o [6]
__iar_program_start           0xcb1         Code  Gb  cstartup_M.o [5]
__iar_tls$$INIT_ARRAY$$Base
                              0xcc4          --   Gb  - Linker created -
__iar_tls$$INIT_ARRAY$$Limit
                              0xcc4          --   Gb  - Linker created -
__iar_zero_init3              0x79f   0x3a  Code  Gb  zero_init3.o [5]
__low_level_init              0xc4b    0x4  Code  Gb  low_level_init.o [2]
__sti__routine                0x411   0x18  Code  Lc  IC_Test.o [1]
__sti__routine                0xb4d   0x12  Code  Lc  main.o [1]
__vector_table                  0x0         Data  Gb  startup_MK60D10.o [1]
_call_main                    0xc39         Code  Gb  cmain.o [5]
_exit                         0xc55         Code  Gb  cexit.o [5]
_main                         0xc47         Code  Gb  cmain.o [5]
core_clk_mhz            0x1fff'0000    0x4  Data  Gb  SystickDelay.o [1]
detector_NO1            0x1fff'0004   0xd0  Data  Gb  main.o [1]
exit                          0xc4f    0x4  Code  Gb  exit.o [2]
main                          0xb5f   0x1e  Code  Gb  main.o [1]
next_abi_dtor_rec       0x1fff'00e4    0x4  Data  Lc  cppinit.o [2]
systick_delay                 0x7d9   0x20  Code  Gb  SystickDelay.o [1]
systick_delay_ms              0x7f9   0x1e  Code  Gb  SystickDelay.o [1]


[1] = C:\Users\asus\Documents\嵌入式\NXP\MK60DN512\自研发\IC芯片检测器项目重启\20200316——(真值表)\IAR\Programs\Debug\Obj
[2] = dl7M_tlf.a
[3] = dlpp7M_tl_fc.a
[4] = m7M_tl.a
[5] = rt7M_tl.a
[6] = shb_l.a

  3 623 bytes of readonly  code memory
     93 bytes of readonly  data memory
  8 836 bytes of readwrite data memory

Errors: none
Warnings: none
