Component: ARM Compiler 5.06 update 6 (build 750) Tool: armlink [4d35ed]

==============================================================================

Section Cross References

    lcd1602.o(i.LCD1602_Char) refers to lcd1602.o(i.LCD1602_WriteCmd) for LCD1602_WriteCmd
    lcd1602.o(i.LCD1602_Char) refers to lcd1602.o(i.LCD1602_WriteDat) for LCD1602_WriteDat
    lcd1602.o(i.LCD1602_CheckBusy) refers to systickdelay.o(i.systick_delay) for systick_delay
    lcd1602.o(i.LCD1602_Init) refers to lcd1602.o(i.LCD1602_GPIO_Configuration) for LCD1602_GPIO_Configuration
    lcd1602.o(i.LCD1602_Init) refers to systickdelay.o(i.systick_delay_ms) for systick_delay_ms
    lcd1602.o(i.LCD1602_Init) refers to lcd1602.o(i.LCD1602_WriteCmd) for LCD1602_WriteCmd
    lcd1602.o(i.LCD1602_Str) refers to lcd1602.o(i.LCD1602_WriteCmd) for LCD1602_WriteCmd
    lcd1602.o(i.LCD1602_Str) refers to lcd1602.o(i.LCD1602_WriteDat) for LCD1602_WriteDat
    lcd1602.o(i.LCD1602_WriteCmd) refers to lcd1602.o(i.LCD1602_CheckBusy) for LCD1602_CheckBusy
    lcd1602.o(i.LCD1602_WriteCmd) refers to systickdelay.o(i.systick_delay) for systick_delay
    lcd1602.o(i.LCD1602_WriteDat) refers to lcd1602.o(i.LCD1602_CheckBusy) for LCD1602_CheckBusy
    lcd1602.o(i.LCD1602_WriteDat) refers to systickdelay.o(i.systick_delay) for systick_delay
    lcd1602.o(i.LCD_Print_BIN) refers to lcd1602.o(i.LCD1602_WriteCmd) for LCD1602_WriteCmd
    lcd1602.o(i.LCD_Print_BIN) refers to lcd1602.o(i.LCD1602_WriteDat) for LCD1602_WriteDat
    lcd1602.o(i.LCD_Printf) refers to vsprintf.o(.text) for vsprintf
    lcd1602.o(i.LCD_Printf) refers to lcd1602.o(i.LCD1602_Char) for LCD1602_Char
    lcd1602.o(i.LCD_Printf) refers to lcd1602.o(.bss) for sprint_buf
    ic_test.o(i.TEST_Direction) refers to systickdelay.o(i.systick_delay) for systick_delay
    ic_test.o(i.TEST_Type) refers to ic_test.o(i.__DEBUG_PRINT_TYPE) for __DEBUG_PRINT_TYPE
    ic_test.o(i.TEST_Type) refers to ic_test.o(.data) for IO__GATE
    ic_test.o(i.__DEBUG_PRINT_PROCESS) refers to lcd1602.o(i.LCD_Print_BIN) for LCD_Print_BIN
    ic_test.o(i.__DEBUG_PRINT_PROCESS) refers to lcd1602.o(i.LCD_Printf) for LCD_Printf
    ic_test.o(i.__DEBUG_PRINT_PROCESS) refers to systickdelay.o(i.systick_delay_ms) for systick_delay_ms
    ic_test.o(i.__DEBUG_PRINT_PROPERTY) refers to lcd1602.o(i.LCD_Printf) for LCD_Printf
    ic_test.o(i.__DEBUG_PRINT_PROPERTY) refers to lcd1602.o(i.LCD_Print_BIN) for LCD_Print_BIN
    ic_test.o(i.__DEBUG_PRINT_TYPE) refers to lcd1602.o(i.LCD_Printf) for LCD_Printf
    systickdelay.o(i.systick_delay_ms) refers to systickdelay.o(i.systick_delay) for systick_delay
    systickdelay.o(i.systick_delay_ms) refers to systickdelay.o(.data) for core_clk_mhz
    system_mk60d10.o(i.Start) refers to system_mk60d10.o(i.Disable_Wdog) for Disable_Wdog
    system_mk60d10.o(i.Start) refers to system_mk60d10.o(i.SYSTEM_CLK) for SYSTEM_CLK
    startup_mk60d10.o(STACK) refers (Special) to heapauxi.o(.text) for __use_two_region_memory
    startup_mk60d10.o(HEAP) refers (Special) to heapauxi.o(.text) for __use_two_region_memory
    startup_mk60d10.o(RESET) refers (Special) to heapauxi.o(.text) for __use_two_region_memory
    startup_mk60d10.o(RESET) refers to startup_mk60d10.o(STACK) for __initial_sp
    startup_mk60d10.o(RESET) refers to startup_mk60d10.o(.text) for Reset_Handler
    startup_mk60d10.o(RESET) refers to system_mk60d10.o(i.NMI_Handler) for NMI_Handler
    startup_mk60d10.o(RESET) refers to isr.o(i.PORTA_IRQHandler) for PORTA_IRQHandler
    startup_mk60d10.o(.ARM.__at_0x400) refers (Special) to heapauxi.o(.text) for __use_two_region_memory
    startup_mk60d10.o(.text) refers (Special) to heapauxi.o(.text) for __use_two_region_memory
    startup_mk60d10.o(.text) refers to system_mk60d10.o(i.Start) for Start
    startup_mk60d10.o(.text) refers to __main.o(!!!main) for __main
    startup_mk60d10.o(.text) refers to startup_mk60d10.o(HEAP) for Heap_Mem
    startup_mk60d10.o(.text) refers to startup_mk60d10.o(STACK) for Stack_Mem
    isr.o(i.PORTA_IRQHandler) refers to lcd1602.o(i.LCD_Printf) for LCD_Printf
    main.o(i.main) refers to lcd1602.o(i.LCD1602_Init) for LCD1602_Init
    main.o(i.main) refers to ic_test.o(i.Dector_Init) for Dector_Init
    main.o(i.main) refers to key.o(i.KEYs_Init) for KEYs_Init
    main.o(i.main) refers to led.o(i.LED_Init) for LED_Init
    main.o(i.main) refers to ic_test.o(i.TEST_Init) for TEST_Init
    main.o(i.main) refers to ic_test.o(i.TEST_Direction) for TEST_Direction
    main.o(i.main) refers to ic_test.o(i.TEST_Type) for TEST_Type
    main.o(i.main) refers to ic_test.o(.bss) for CHIP_Parameter
    vsprintf.o(.text) refers (Special) to _printf_a.o(.ARM.Collect$$_printf_percent$$00000006) for _printf_a
    vsprintf.o(.text) refers (Special) to _printf_c.o(.ARM.Collect$$_printf_percent$$00000013) for _printf_c
    vsprintf.o(.text) refers (Special) to _printf_charcount.o(.text) for _printf_charcount
[...]
    ../clib/angel/sys.s                      0x00000000   Number         0  libspace.o ABSOLUTE
    ../clib/angel/sys.s                      0x00000000   Number         0  use_no_semi.o ABSOLUTE
    ../clib/angel/sys.s                      0x00000000   Number         0  indicate_semi.o ABSOLUTE
    ../clib/angel/sysapp.c                   0x00000000   Number         0  sys_wrch.o ABSOLUTE
    ../clib/angel/sysapp.c                   0x00000000   Number         0  sys_exit.o ABSOLUTE
    ../clib/angel/sysapp.c                   0x00000000   Number         0  sys_command.o ABSOLUTE
    ../clib/armsys.c                         0x00000000   Number         0  argv_veneer.o ABSOLUTE
    ../clib/armsys.c                         0x00000000   Number         0  argv_veneer.o ABSOLUTE
    ../clib/armsys.c                         0x00000000   Number         0  _get_argv_nomalloc.o ABSOLUTE
    ../clib/armsys.c                         0x00000000   Number         0  no_argv.o ABSOLUTE
    ../clib/bigflt.c                         0x00000000   Number         0  bigflt0.o ABSOLUTE
    ../clib/btod.s                           0x00000000   Number         0  btod.o ABSOLUTE
    ../clib/heapalloc.c                      0x00000000   Number         0  hrguard.o ABSOLUTE
    ../clib/heapaux.c                        0x00000000   Number         0  heapauxi.o ABSOLUTE
    ../clib/libinit.s                        0x00000000   Number         0  libinit2.o ABSOLUTE
    ../clib/libinit.s                        0x00000000   Number         0  libshutdown2.o ABSOLUTE
    ../clib/libinit.s                        0x00000000   Number         0  libshutdown.o ABSOLUTE
    ../clib/libinit.s                        0x00000000   Number         0  libinit.o ABSOLUTE
    ../clib/locale.c                         0x00000000   Number         0  _wcrtomb.o ABSOLUTE
    ../clib/locale.s                         0x00000000   Number         0  lc_numeric_c.o ABSOLUTE
    ../clib/locale.s                         0x00000000   Number         0  lc_ctype_c.o ABSOLUTE
    ../clib/longlong.s                       0x00000000   Number         0  lludiv10.o ABSOLUTE
    ../clib/memcpset.s                       0x00000000   Number         0  strcmpv7m.o ABSOLUTE
    ../clib/misc.s                           0x00000000   Number         0  printf_stubs.o ABSOLUTE
    ../clib/printf.c                         0x00000000   Number         0  _printf_fp_hex.o ABSOLUTE
    ../clib/printf.c                         0x00000000   Number         0  _printf_hex_int.o ABSOLUTE
    ../clib/printf.c                         0x00000000   Number         0  _printf_hex_ll.o ABSOLUTE
    ../clib/printf.c                         0x00000000   Number         0  _printf_fp_dec.o ABSOLUTE
    ../clib/printf.c                         0x00000000   Number         0  _printf_charcount.o ABSOLUTE
    ../clib/printf.c                         0x00000000   Number         0  _printf_oct_int_ll.o ABSOLUTE
    ../clib/printf.c                         0x00000000   Number         0  _printf_oct_int.o ABSOLUTE
    ../clib/printf.c                         0x00000000   Number         0  _printf_oct_ll.o ABSOLUTE
    ../clib/printf.c                         0x00000000   Number         0  _printf_intcommon.o ABSOLUTE
    ../clib/printf.c                         0x00000000   Number         0  _printf_longlong_dec.o ABSOLUTE
    ../clib/printf.c                         0x00000000   Number         0  _printf_char_common.o ABSOLUTE
    ../clib/printf.c                         0x00000000   Number         0  __printf_flags_ss_wp.o ABSOLUTE
    ../clib/printf.c                         0x00000000   Number         0  vsprintf.o ABSOLUTE
    ../clib/printf.c                         0x00000000   Number         0  _printf_wctomb.o ABSOLUTE
    ../clib/printf.c                         0x00000000   Number         0  __printf_ss_wp.o ABSOLUTE
    ../clib/printf.c                         0x00000000   Number         0  __printf_flags_wp.o ABSOLUTE
    ../clib/printf.c                         0x00000000   Number         0  __printf_wp.o ABSOLUTE
    ../clib/printf.c                         0x00000000   Number         0  __printf_flags_ss.o ABSOLUTE
    ../clib/printf.c                         0x00000000   Number         0  __printf_ss.o ABSOLUTE
    ../clib/printf.c                         0x00000000   Number         0  __printf_flags.o ABSOLUTE
    ../clib/printf.c                         0x00000000   Number         0  __printf.o ABSOLUTE
    ../clib/printf.c                         0x00000000   Number         0  _printf_pad.o ABSOLUTE
    ../clib/printf.c                         0x00000000   Number         0  _sputc.o ABSOLUTE
    ../clib/printf.c                         0x00000000   Number         0  _printf_truncate.o ABSOLUTE
    ../clib/printf.c                         0x00000000   Number         0  _printf_hex_int_ll_ptr.o ABSOLUTE
    ../clib/printf.c                         0x00000000   Number         0  _printf_str.o ABSOLUTE
    ../clib/printf.c                         0x00000000   Number         0  _printf_hex_ll_ptr.o ABSOLUTE
    ../clib/printf.c                         0x00000000   Number         0  _printf_dec.o ABSOLUTE
    ../clib/printf.c                         0x00000000   Number         0  _printf_hex_int_ptr.o ABSOLUTE
    ../clib/printf.c                         0x00000000   Number         0  _printf_hex_ptr.o ABSOLUTE
    ../clib/printf.c                         0x00000000   Number         0  _printf_hex_int_ll.o ABSOLUTE
    ../clib/printf.c                         0x00000000   Number         0  _printf_fp_infnan.o ABSOLUTE
    ../clib/printf.c                         0x00000000   Number         0  _printf_wchar.o ABSOLUTE
    ../clib/printf.c                         0x00000000   Number         0  _printf_char.o ABSOLUTE
    ../clib/printf.c                         0x00000000   Number         0  __printf_nopercent.o ABSOLUTE
    ../clib/printf_percent.s                 0x00000000   Number         0  _printf_n.o ABSOLUTE
    ../clib/printf_percent.s                 0x00000000   Number         0  _printf_x.o ABSOLUTE
    ../clib/printf_percent.s                 0x00000000   Number         0  _printf_p.o ABSOLUTE
    ../clib/printf_percent.s                 0x00000000   Number         0  _printf_o.o ABSOLUTE
    ../clib/printf_percent.s                 0x00000000   Number         0  _printf_i.o ABSOLUTE
    ../clib/printf_percent.s                 0x00000000   Number         0  _printf_d.o ABSOLUTE
    ../clib/printf_percent.s                 0x00000000   Number         0  _printf_u.o ABSOLUTE
    ../clib/printf_percent.s                 0x00000000   Number         0  _printf_e.o ABSOLUTE
    ../clib/printf_percent.s                 0x00000000   Number         0  _printf_lc.o ABSOLUTE
    ../clib/printf_percent.s                 0x00000000   Number         0  _printf_g.o ABSOLUTE
    ../clib/printf_percent.s                 0x00000000   Number         0  _printf_ls.o ABSOLUTE
    ../clib/printf_percent.s                 0x00000000   Number         0  _printf_a.o ABSOLUTE
    ../clib/printf_percent.s                 0x00000000   Number         0  _printf_llo.o ABSOLUTE
    ../clib/printf_percent.s                 0x00000000   Number         0  _printf_percent.o ABSOLUTE
    ../clib/printf_percent.s                 0x00000000   Number         0  _printf_llx.o ABSOLUTE
    ../clib/printf_percent.s                 0x00000000   Number         0  _printf_lli.o ABSOLUTE
    ../clib/printf_percent.s                 0x00000000   Number         0  _printf_percent_end.o ABSOLUTE
    ../clib/printf_percent.s                 0x00000000   Number         0  _printf_lld.o ABSOLUTE
    ../clib/printf_percent.s                 0x00000000   Number         0  _printf_f.o ABSOLUTE
    ../clib/printf_percent.s                 0x00000000   Number         0  _printf_llu.o ABSOLUTE
    ../clib/printf_percent.s                 0x00000000   Number         0  _printf_c.o ABSOLUTE
    ../clib/printf_percent.s                 0x00000000   Number         0  _printf_ll.o ABSOLUTE
    ../clib/printf_percent.s                 0x00000000   Number         0  _printf_s.o ABSOLUTE
    ../clib/printf_percent.s                 0x00000000   Number         0  _printf_l.o ABSOLUTE
    ../clib/signal.c                         0x00000000   Number         0  defsig_segv_inner.o ABSOLUTE
    ../clib/signal.c                         0x00000000   Number         0  defsig_other.o ABSOLUTE
    ../clib/signal.c                         0x00000000   Number         0  defsig_general.o ABSOLUTE
    ../clib/signal.c                         0x00000000   Number         0  defsig_fpe_inner.o ABSOLUTE
    ../clib/signal.c                         0x00000000   Number         0  defsig_rtmem_outer.o ABSOLUTE
    ../clib/signal.c                         0x00000000   Number         0  __raise.o ABSOLUTE
    ../clib/signal.c                         0x00000000   Number         0  defsig_rtmem_formal.o ABSOLUTE
    ../clib/signal.c                         0x00000000   Number         0  defsig_exit.o ABSOLUTE
    ../clib/signal.c                         0x00000000   Number         0  defsig_rtred_inner.o ABSOLUTE
    ../clib/signal.c                         0x00000000   Number         0  defsig_rtmem_inner.o ABSOLUTE
    ../clib/signal.c                         0x00000000   Number         0  defsig_abrt_inner.o ABSOLUTE
    ../clib/signal.c                         0x00000000   Number         0  defsig_stak_inner.o ABSOLUTE
    ../clib/signal.c                         0x00000000   Number         0  defsig_pvfn_inner.o ABSOLUTE
    ../clib/signal.c                         0x00000000   Number         0  defsig_cppl_inner.o ABSOLUTE
    ../clib/signal.s                         0x00000000   Number         0  defsig.o ABSOLUTE
    ../clib/stdlib.c                         0x00000000   Number         0  exit.o ABSOLUTE
    ../fplib/fpinit.s                        0x00000000   Number         0  fpinit.o ABSOLUTE
    ../fplib/istatus.s                       0x00000000   Number         0  istatus.o ABSOLUTE
    ../fplib/printf1.s                       0x00000000   Number         0  printf1.o ABSOLUTE
    ../fplib/printf2.s                       0x00000000   Number         0  printf2.o ABSOLUTE
    ../fplib/printf2a.s                      0x00000000   Number         0  printf2a.o ABSOLUTE
    ../fplib/printf2b.s                      0x00000000   Number         0  printf2b.o ABSOLUTE
    ../fplib/usenofp.s                       0x00000000   Number         0  usenofp.o ABSOLUTE
    ../mathlib/fpclassify.c                  0x00000000   Number         0  fpclassify.o ABSOLUTE
    ..\Libraries\Devices\src\KEY.c           0x00000000   Number         0  key.o ABSOLUTE
    ..\Libraries\Devices\src\LCD1602.c       0x00000000   Number         0  lcd1602.o ABSOLUTE
    ..\Libraries\Devices\src\LED.c           0x00000000   Number         0  led.o ABSOLUTE
    ..\Libraries\Drivers\IC_Test.c           0x00000000   Number         0  ic_test.o ABSOLUTE
    ..\Libraries\Drivers\SystickDelay.c      0x00000000   Number         0  systickdelay.o ABSOLUTE
    ..\Libraries\Tools\src\Num_Convert.c     0x00000000   Number         0  num_convert.o ABSOLUTE
    ..\Libraries\startup\DeviceSupport\MDK-ARM\startup_MK60D10.s 0x00000000   Number         0  startup_mk60d10.o ABSOLUTE
    ..\Libraries\startup\DeviceSupport\system_MK60D10.c 0x00000000   Number         0  system_mk60d10.o ABSOLUTE
    ..\Users\isr.c                           0x00000000   Number         0  isr.o ABSOLUTE
    ..\Users\main.c                          0x00000000   Number         0  main.o ABSOLUTE
    ..\\Libraries\\Devices\\src\\KEY.c       0x00000000   Number         0  key.o ABSOLUTE
    ..\\Libraries\\Devices\\src\\LCD1602.c   0x00000000   Number         0  lcd1602.o ABSOLUTE
    ..\\Libraries\\Devices\\src\\LED.c       0x00000000   Number         0  led.o ABSOLUTE
    ..\\Libraries\\Drivers\\IC_Test.c        0x00000000   Number         0  ic_test.o ABSOLUTE
    ..\\Libraries\\Drivers\\SystickDelay.c   0x00000000   Number         0  systickdelay.o ABSOLUTE
    ..\\Libraries\\Tools\\src\\Num_Convert.c 0x00000000   Number         0  num_convert.o ABSOLUTE
    ..\\Libraries\\startup\\DeviceSupport\\system_MK60D10.c 0x00000000   Number         0  system_mk60d10.o ABSOLUTE
    ..\\Users\\isr.c                         0x00000000   Number         0  isr.o ABSOLUTE
    ..\\Users\\main.c                        0x00000000   Number         0  main.o ABSOLUTE
    dc.s                                     0x00000000   Number         0  dc.o ABSOLUTE
    .ARM.__at_0x400                          0x00000400   Section       16  startup_mk60d10.o(.ARM.__at_0x400)
    !!!main                                  0x00000410   Section        8  __main.o(!!!main)
    !!!scatter                               0x00000418   Section       52  __scatter.o(!!!scatter)
    !!handler_copy                           0x0000044c   Section       26  __scatter_copy.o(!!handler_copy)
    !!handler_zi                             0x00000468   Section       28  __scatter_zi.o(!!handler_zi)
    .ARM.Collect$$_printf_percent$$00000000  0x00000484   Section        0  _printf_percent.o(.ARM.Collect$$_printf_percent$$00000000)
    .ARM.Collect$$_printf_percent$$00000001  0x00000484   Section        6  _printf_n.o(.ARM.Collect$$_printf_percent$$00000001)
    .ARM.Collect$$_printf_percent$$00000002  0x0000048a   Section        6  _printf_p.o(.ARM.Collect$$_printf_percent$$00000002)
    .ARM.Collect$$_printf_percent$$00000003  0x00000490   Section        6  _printf_f.o(.ARM.Collect$$_printf_percent$$00000003)
    .ARM.Collect$$_printf_percent$$00000004  0x00000496   Section        6  _printf_e.o(.ARM.Collect$$_printf_percent$$00000004)
    .ARM.Collect$$_printf_percent$$00000005  0x0000049c   Section        6  _printf_g.o(.ARM.Collect$$_printf_percent$$00000005)
    .ARM.Collect$$_printf_percent$$00000006  0x000004a2   Section        6  _printf_a.o(.ARM.Collect$$_printf_percent$$00000006)
    .ARM.Collect$$_printf_percent$$00000007  0x000004a8   Section       10  _printf_ll.o(.ARM.Collect$$_printf_percent$$00000007)
    .ARM.Collect$$_printf_percent$$00000008  0x000004b2   Section        6  _printf_i.o(.ARM.Collect$$_printf_percent$$00000008)
    .ARM.Collect$$_printf_percent$$00000009  0x000004b8   Section        6  _printf_d.o(.ARM.Collect$$_printf_percent$$00000009)
    .ARM.Collect$$_printf_percent$$0000000A  0x000004be   Section        6  _printf_u.o(.ARM.Collect$$_printf_percent$$0000000A)
    .ARM.Collect$$_printf_percent$$0000000B  0x000004c4   Section        6  _printf_o.o(.ARM.Collect$$_printf_percent$$0000000B)
    .ARM.Collect$$_printf_percent$$0000000C  0x000004ca   Section        6  _printf_x.o(.ARM.Collect$$_printf_percent$$0000000C)
    .ARM.Collect$$_printf_percent$$0000000D  0x000004d0   Section        6  _printf_lli.o(.ARM.Collect$$_printf_percent$$0000000D)
    .ARM.Collect$$_printf_percent$$0000000E  0x000004d6   Section        6  _printf_lld.o(.ARM.Collect$$_printf_percent$$0000000E)
    .ARM.Collect$$_printf_percent$$0000000F  0x000004dc   Section        6  _printf_llu.o(.ARM.Collect$$_printf_percent$$0000000F)
    .ARM.Collect$$_printf_percent$$00000010  0x000004e2   Section        6  _printf_llo.o(.ARM.Collect$$_printf_percent$$00000010)
    .ARM.Collect$$_printf_percent$$00000011  0x000004e8   Section        6  _printf_llx.o(.ARM.Collect$$_printf_percent$$00000011)
    .ARM.Collect$$_printf_percent$$00000012  0x000004ee   Section       10  _printf_l.o(.ARM.Collect$$_printf_percent$$00000012)
    .ARM.Collect$$_printf_percent$$00000013  0x000004f8   Section        6  _printf_c.o(.ARM.Collect$$_printf_percent$$00000013)
    .ARM.Collect$$_printf_percent$$00000014  0x000004fe   Section        6  _printf_s.o(.ARM.Collect$$_printf_percent$$00000014)
    .ARM.Collect$$_printf_percent$$00000015  0x00000504   Section        6  _printf_lc.o(.ARM.Collect$$_printf_percent$$00000015)
    .ARM.Collect$$_printf_percent$$00000016  0x0000050a   Section        6  _printf_ls.o(.ARM.Collect$$_printf_percent$$00000016)
    .ARM.Collect$$_printf_percent$$00000017  0x00000510   Section        4  _printf_percent_end.o(.ARM.Collect$$_printf_percent$$00000017)
    .ARM.Collect$$libinit$$00000000          0x00000514   Section        2  libinit.o(.ARM.Collect$$libinit$$00000000)
    .ARM.Collect$$libinit$$00000002          0x00000516   Section        0  libinit2.o(.ARM.Collect$$libinit$$00000002)
    .ARM.Collect$$libinit$$00000004          0x00000516   Section        0  libinit2.o(.ARM.Collect$$libinit$$00000004)
    .ARM.Collect$$libinit$$0000000A          0x00000516   Section        0  libinit2.o(.ARM.Collect$$libinit$$0000000A)
    .ARM.Collect$$libinit$$0000000C          0x00000516   Section        0  libinit2.o(.ARM.Collect$$libinit$$0000000C)
    .ARM.Collect$$libinit$$0000000E          0x00000516   Section        0  libinit2.o(.ARM.Collect$$libinit$$0000000E)
    .ARM.Collect$$libinit$$0000000F          0x00000516   Section        6  libinit2.o(.ARM.Collect$$libinit$$0000000F)
    .ARM.Collect$$libinit$$00000011          0x0000051c   Section        0  libinit2.o(.ARM.Collect$$libinit$$00000011)
    .ARM.Collect$$libinit$$00000012          0x0000051c   Section       12  libinit2.o(.ARM.Collect$$libinit$$00000012)
    .ARM.Collect$$libinit$$00000013          0x00000528   Section        0  libinit2.o(.ARM.Collect$$libinit$$00000013)
    .ARM.Collect$$libinit$$00000015          0x00000528   Section        0  libinit2.o(.ARM.Collect$$libinit$$00000015)
    .ARM.Collect$$libinit$$00000016          0x00000528   Section       10  libinit2.o(.ARM.Collect$$libinit$$00000016)
    .ARM.Collect$$libinit$$00000017          0x00000532   Section        0  libinit2.o(.ARM.Collect$$libinit$$00000017)
    .ARM.Collect$$libinit$$00000019          0x00000532   Section        0  libinit2.o(.ARM.Collect$$libinit$$00000019)
    .ARM.Collect$$libinit$$0000001B          0x00000532   Section        0  libinit2.o(.ARM.Collect$$libinit$$0000001B)
    .ARM.Collect$$libinit$$0000001D          0x00000532   Section        0  libinit2.o(.ARM.Collect$$libinit$$0000001D)
    .ARM.Collect$$libinit$$0000001F          0x00000532   Section        0  libinit2.o(.ARM.Collect$$libinit$$0000001F)
    .ARM.Collect$$libinit$$00000021          0x00000532   Section        0  libinit2.o(.ARM.Collect$$libinit$$00000021)
    .ARM.Collect$$libinit$$00000023          0x00000532   Section        0  libinit2.o(.ARM.Collect$$libinit$$00000023)
    .ARM.Collect$$libinit$$00000025          0x00000532   Section        0  libinit2.o(.ARM.Collect$$libinit$$00000025)
    .ARM.Collect$$libinit$$0000002C          0x00000532   Section        0  libinit2.o(.ARM.Collect$$libinit$$0000002C)
    .ARM.Collect$$libinit$$0000002E          0x00000532   Section        0  libinit2.o(.ARM.Collect$$libinit$$0000002E)
    .ARM.Collect$$libinit$$00000030          0x00000532   Section        0  libinit2.o(.ARM.Collect$$libinit$$00000030)
    .ARM.Collect$$libinit$$00000032          0x00000532   Section        0  libinit2.o(.ARM.Collect$$libinit$$00000032)
    .ARM.Collect$$libinit$$00000033          0x00000532   Section        2  libinit2.o(.ARM.Collect$$libinit$$00000033)
    .ARM.Collect$$libshutdown$$00000000      0x00000534   Section        2  libshutdown.o(.ARM.Collect$$libshutdown$$00000000)
    .ARM.Collect$$libshutdown$$00000002      0x00000536   Section        0  libshutdown2.o(.ARM.Collect$$libshutdown$$00000002)
    .ARM.Collect$$libshutdown$$00000004      0x00000536   Section        0  libshutdown2.o(.ARM.Collect$$libshutdown$$00000004)
    .ARM.Collect$$libshutdown$$00000007      0x00000536   Section        0  libshutdown2.o(.ARM.Collect$$libshutdown$$00000007)
    .ARM.Collect$$libshutdown$$0000000A      0x00000536   Section        0  libshutdown2.o(.ARM.Collect$$libshutdown$$0000000A)
    .ARM.Collect$$libshutdown$$0000000C      0x00000536   Section        0  libshutdown2.o(.ARM.Collect$$libshutdown$$0000000C)
    .ARM.Collect$$libshutdown$$0000000F      0x00000536   Section        0  libshutdown2.o(.ARM.Collect$$libshutdown$$0000000F)
    .ARM.Collect$$libshutdown$$00000010      0x00000536   Section        2  libshutdown2.o(.ARM.Collect$$libshutdown$$00000010)
    .ARM.Collect$$rtentry$$00000000          0x00000538   Section        0  __rtentry.o(.ARM.Collect$$rtentry$$00000000)
    .ARM.Collect$$rtentry$$00000002          0x00000538   Section        0  __rtentry2.o(.ARM.Collect$$rtentry$$00000002)
    .ARM.Collect$$rtentry$$00000004          0x00000538   Section        6  __rtentry4.o(.ARM.Collect$$rtentry$$00000004)
    .ARM.Collect$$rtentry$$00000009          0x0000053e   Section        0  __rtentry2.o(.ARM.Collect$$rtentry$$00000009)
    .ARM.Collect$$rtentry$$0000000A          0x0000053e   Section        4  __rtentry2.o(.ARM.Collect$$rtentry$$0000000A)
    .ARM.Collect$$rtentry$$0000000C          0x00000542   Section        0  __rtentry2.o(.ARM.Collect$$rtentry$$0000000C)
    .ARM.Collect$$rtentry$$0000000D          0x00000542   Section        8  __rtentry2.o(.ARM.Collect$$rtentry$$0000000D)
    .ARM.Collect$$rtexit$$00000000           0x0000054a   Section        2  rtexit.o(.ARM.Collect$$rtexit$$00000000)
    .ARM.Collect$$rtexit$$00000002           0x0000054c   Section        0  rtexit2.o(.ARM.Collect$$rtexit$$00000002)
    .ARM.Collect$$rtexit$$00000003           0x0000054c   Section        4  rtexit2.o(.ARM.Collect$$rtexit$$00000003)
    .ARM.Collect$$rtexit$$00000004           0x00000550   Section        6  rtexit2.o(.ARM.Collect$$rtexit$$00000004)
    .text                                    0x00000558   Section       68  startup_mk60d10.o(.text)
    .text                                    0x0000059c   Section        0  vsprintf.o(.text)
    .text                                    0x000005c0   Section        0  heapauxi.o(.text)
    .text                                    0x000005c6   Section        0  _printf_pad.o(.text)
    .text                                    0x00000614   Section        0  _printf_truncate.o(.text)
    .text                                    0x00000638   Section        0  _printf_str.o(.text)
    .text                                    0x0000068c   Section        0  _printf_dec.o(.text)
    .text                                    0x00000704   Section        0  _printf_charcount.o(.text)
    .text                                    0x0000072c   Section        0  _printf_char_common.o(.text)
    _printf_input_char                       0x0000072d   Thumb Code    10  _printf_char_common.o(.text)
    .text                                    0x0000075c   Section        0  _sputc.o(.text)
    .text                                    0x00000768   Section        0  _printf_wctomb.o(.text)
    .text                                    0x00000824   Section        0  _printf_longlong_dec.o(.text)
    .text                                    0x000008a0   Section        0  _printf_oct_int_ll.o(.text)
    _printf_longlong_oct_internal            0x000008a1   Thumb Code     0  _printf_oct_int_ll.o(.text)
    .text                                    0x00000910   Section        0  _printf_hex_int_ll_ptr.o(.text)
    _printf_hex_common                       0x00000911   Thumb Code     0  _printf_hex_int_ll_ptr.o(.text)
    .text                                    0x000009a4   Section        0  __printf_flags_ss_wp.o(.text)
    .text                                    0x00000b2c   Section      138  lludiv10.o(.text)
    .text                                    0x00000bb6   Section        0  _printf_intcommon.o(.text)
    .text                                    0x00000c68   Section        0  _printf_fp_dec.o(.text)
    _fp_digits                               0x00000c6b   Thumb Code   432  _printf_fp_dec.o(.text)
    .text                                    0x00001088   Section        0  _printf_fp_hex.o(.text)
    .text                                    0x00001384   Section        0  _printf_char.o(.text)
    .text                                    0x000013b0   Section        0  _printf_wchar.o(.text)
    .text                                    0x000013dc   Section        0  _wcrtomb.o(.text)
    .text                                    0x0000141c   Section       74  sys_stackheap_outer.o(.text)
    .text                                    0x00001468   Section       16  rt_ctype_table.o(.text)
    .text                                    0x00001478   Section        8  rt_locale_intlibspace.o(.text)
    .text                                    0x00001480   Section        0  _printf_fp_infnan.o(.text)
    .text                                    0x00001500   Section        0  bigflt0.o(.text)
    .text                                    0x000015e4   Section        0  exit.o(.text)
    .text                                    0x000015f8   Section        8  libspace.o(.text)
    .text                                    0x00001600   Section      128  strcmpv7m.o(.text)
    .text                                    0x00001680   Section        0  sys_exit.o(.text)
    .text                                    0x0000168c   Section        2  use_no_semi.o(.text)
    .text                                    0x0000168e   Section        0  indicate_semi.o(.text)
    CL$$btod_d2e                             0x0000168e   Section       62  btod.o(CL$$btod_d2e)
    CL$$btod_d2e_denorm_low                  0x000016cc   Section       70  btod.o(CL$$btod_d2e_denorm_low)
    CL$$btod_d2e_norm_op1                    0x00001712   Section       96  btod.o(CL$$btod_d2e_norm_op1)
    CL$$btod_div_common                      0x00001772   Section      824  btod.o(CL$$btod_div_common)
    CL$$btod_e2e                             0x00001aaa   Section      220  btod.o(CL$$btod_e2e)
    CL$$btod_ediv                            0x00001b86   Section       42  btod.o(CL$$btod_ediv)
    CL$$btod_emul                            0x00001bb0   Section       42  btod.o(CL$$btod_emul)
    CL$$btod_mult_common                     0x00001bda   Section      580  btod.o(CL$$btod_mult_common)
    i.Dector_Init                            0x00001e20   Section        0  ic_test.o(i.Dector_Init)
    i.Disable_Wdog                           0x00001f04   Section        0  system_mk60d10.o(i.Disable_Wdog)
    i.KEYs_Init                              0x00001f20   Section        0  key.o(i.KEYs_Init)
    i.LCD1602_Char                           0x00001fb0   Section        0  lcd1602.o(i.LCD1602_Char)
    i.LCD1602_CheckBusy                      0x00001fd8   Section        0  lcd1602.o(i.LCD1602_CheckBusy)
    i.LCD1602_GPIO_Configuration             0x00002040   Section        0  lcd1602.o(i.LCD1602_GPIO_Configuration)
    i.LCD1602_Init                           0x0000211c   Section        0  lcd1602.o(i.LCD1602_Init)
    i.LCD1602_WriteCmd                       0x00002178   Section        0  lcd1602.o(i.LCD1602_WriteCmd)
    i.LCD1602_WriteDat                       0x00002214   Section        0  lcd1602.o(i.LCD1602_WriteDat)
    i.LCD_Printf                             0x000022b0   Section        0  lcd1602.o(i.LCD_Printf)
    i.LED_Init                               0x00002300   Section        0  led.o(i.LED_Init)
    i.NMI_Handler                            0x00002370   Section        0  system_mk60d10.o(i.NMI_Handler)
    i.PORTA_IRQHandler                       0x00002374   Section        0  isr.o(i.PORTA_IRQHandler)
    i.SYSTEM_CLK                             0x0000239c   Section        0  system_mk60d10.o(i.SYSTEM_CLK)
    i.Start                                  0x00002460   Section        0  system_mk60d10.o(i.Start)
    i.TEST_Direction                         0x0000246c   Section        0  ic_test.o(i.TEST_Direction)
    i.TEST_Init                              0x000024ac   Section        0  ic_test.o(i.TEST_Init)
    i.TEST_Type                              0x000024bc   Section        0  ic_test.o(i.TEST_Type)
    i.__ARM_fpclassify                       0x000024fc   Section        0  fpclassify.o(i.__ARM_fpclassify)
    i.__DEBUG_PRINT_TYPE                     0x00002524   Section        0  ic_test.o(i.__DEBUG_PRINT_TYPE)
    i._is_digit                              0x00002614   Section        0  __printf_wp.o(i._is_digit)
    i.main                                   0x00002624   Section        0  main.o(i.main)
    i.systick_delay                          0x00002650   Section        0  systickdelay.o(i.systick_delay)
    i.systick_delay_ms                       0x0000267c   Section        0  systickdelay.o(i.systick_delay_ms)
    locale$$code                             0x000026a0   Section       44  lc_numeric_c.o(locale$$code)
    locale$$code                             0x000026cc   Section       44  lc_ctype_c.o(locale$$code)
    x$fpl$printf1                            0x000026f8   Section        4  printf1.o(x$fpl$printf1)
    x$fpl$printf2                            0x000026fc   Section        4  printf2.o(x$fpl$printf2)
    .constdata                               0x00002700   Section        8  _printf_wctomb.o(.constdata)
    x$fpl$usenofp                            0x00002700   Section        0  usenofp.o(x$fpl$usenofp)
    initial_mbstate                          0x00002700   Data           8  _printf_wctomb.o(.constdata)
    .constdata                               0x00002708   Section       40  _printf_hex_int_ll_ptr.o(.constdata)
    uc_hextab                                0x00002708   Data          20  _printf_hex_int_ll_ptr.o(.constdata)
    lc_hextab                                0x0000271c   Data          20  _printf_hex_int_ll_ptr.o(.constdata)
    .constdata                               0x00002730   Section       17  __printf_flags_ss_wp.o(.constdata)
    maptable                                 0x00002730   Data          17  __printf_flags_ss_wp.o(.constdata)
    .constdata                               0x00002741   Section       38  _printf_fp_hex.o(.constdata)
    lc_hextab                                0x00002741   Data          19  _printf_fp_hex.o(.constdata)
    uc_hextab                                0x00002754   Data          19  _printf_fp_hex.o(.constdata)
    .constdata                               0x00002768   Section      148  bigflt0.o(.constdata)
    tenpwrs_x                                0x00002768   Data          60  bigflt0.o(.constdata)
    tenpwrs_i                                0x000027a4   Data          64  bigflt0.o(.constdata)
    locale$$data                             0x0000281c   Section       28  lc_numeric_c.o(locale$$data)
    __lcnum_c_name                           0x00002820   Data           2  lc_numeric_c.o(locale$$data)
    __lcnum_c_start                          0x00002828   Data           0  lc_numeric_c.o(locale$$data)
    __lcnum_c_point                          0x00002834   Data           0  lc_numeric_c.o(locale$$data)
    __lcnum_c_thousands                      0x00002836   Data           0  lc_numeric_c.o(locale$$data)
    __lcnum_c_grouping                       0x00002837   Data           0  lc_numeric_c.o(locale$$data)
    locale$$data                             0x00002838   Section      272  lc_ctype_c.o(locale$$data)
    __lcnum_c_end                            0x00002838   Data           0  lc_numeric_c.o(locale$$data)
    __lcctype_c_name                         0x0000283c   Data           2  lc_ctype_c.o(locale$$data)
    __lcctype_c_start                        0x00002844   Data           0  lc_ctype_c.o(locale$$data)
    __lcctype_c_end                          0x00002948   Data           0  lc_ctype_c.o(locale$$data)
    .data                                    0x20000000   Section       12  ic_test.o(.data)
    .data                                    0x2000000c   Section       12  systickdelay.o(.data)
    .bss                                     0x20000018   Section       32  lcd1602.o(.bss)
    sprint_buf                               0x20000018   Data          32  lcd1602.o(.bss)
    .bss                                     0x20000038   Section       24  ic_test.o(.bss)
    .bss                                     0x20000050   Section       96  libspace.o(.bss)
    HEAP                                     0x200000b0   Section     4096  startup_mk60d10.o(HEAP)
    Heap_Mem                                 0x200000b0   Data        4096  startup_mk60d10.o(HEAP)
    STACK                                    0x200010b0   Section     4096  startup_mk60d10.o(STACK)
    Stack_Mem                                0x200010b0   Data        4096  startup_mk60d10.o(STACK)
    __initial_sp                             0x200020b0   Data           0  startup_mk60d10.o(STACK)

    Global Symbols

    Symbol Name                              Value     Ov Type        Size  Object(Section)

    BuildAttributes$$THM_ISAv4$E$P$D$K$B$S$7EM$PE$A:L22UL41UL21$X:L11$S22US41US21$IEEE1$IW$USESV6$~STKCKD$USESV7$~SHL$OTIME$ROPI$IEEEJ$EBA8$UX$STANDARDLIB$REQ8$PRES8$EABIv2 0x00000000   Number         0  anon$$obj.o ABSOLUTE
    __ARM_use_no_argv                        0x00000000   Number         0  main.o ABSOLUTE
    __Vectors                                0x00000000   Data           4  startup_mk60d10.o(RESET)
    _printf_flags                            0x00000000   Number         0  printf_stubs.o ABSOLUTE
    _printf_return_value                     0x00000000   Number         0  printf_stubs.o ABSOLUTE
    _printf_sizespec                         0x00000000   Number         0  printf_stubs.o ABSOLUTE
    _printf_widthprec                        0x00000000   Number         0  printf_stubs.o ABSOLUTE
    __ARM_exceptions_init                     - Undefined Weak Reference
    __alloca_initialize                       - Undefined Weak Reference
    __arm_preinit_                            - Undefined Weak Reference
    __cpp_initialize__aeabi_                  - Undefined Weak Reference
    __cxa_finalize                            - Undefined Weak Reference
    __sigvec_lookup                           - Undefined Weak Reference
    _atexit_init                              - Undefined Weak Reference
    _call_atexit_fns                          - Undefined Weak Reference
    _clock_init                               - Undefined Weak Reference
    _fp_trap_init                             - Undefined Weak Reference
    _fp_trap_shutdown                         - Undefined Weak Reference
    _get_lc_collate                           - Undefined Weak Reference
    _get_lc_monetary                          - Undefined Weak Reference
    _get_lc_time                              - Undefined Weak Reference
    _getenv_init                              - Undefined Weak Reference
    _handle_redirection                       - Undefined Weak Reference
    _init_alloc                               - Undefined Weak Reference
    _init_user_alloc                          - Undefined Weak Reference
    _initio                                   - Undefined Weak Reference
    _printf_mbtowc                            - Undefined Weak Reference
    _printf_wc                                - Undefined Weak Reference
    _rand_init                                - Undefined Weak Reference
    _signal_finish                            - Undefined Weak Reference
    _signal_init                              - Undefined Weak Reference
    _terminate_alloc                          - Undefined Weak Reference
    _terminate_user_alloc                     - Undefined Weak Reference
    _terminateio                              - Undefined Weak Reference
    __Vectors_End                            0x00000400   Data           0  startup_mk60d10.o(RESET)
    __Vectors_Size                           0x00000400   Number         0  startup_mk60d10.o ABSOLUTE
    __main                                   0x00000411   Thumb Code     8  __main.o(!!!main)
    __scatterload                            0x00000419   Thumb Code     0  __scatter.o(!!!scatter)
    __scatterload_rt2                        0x00000419   Thumb Code    44  __scatter.o(!!!scatter)
    __scatterload_rt2_thumb_only             0x00000419   Thumb Code     0  __scatter.o(!!!scatter)
    __scatterload_null                       0x00000427   Thumb Code     0  __scatter.o(!!!scatter)
    __scatterload_copy                       0x0000044d   Thumb Code    26  __scatter_copy.o(!!handler_copy)
    __scatterload_zeroinit                   0x00000469   Thumb Code    28  __scatter_zi.o(!!handler_zi)
    _printf_n                                0x00000485   Thumb Code     0  _printf_n.o(.ARM.Collect$$_printf_percent$$00000001)
    _printf_percent                          0x00000485   Thumb Code     0  _printf_percent.o(.ARM.Collect$$_printf_percent$$00000000)
    _printf_p                                0x0000048b   Thumb Code     0  _printf_p.o(.ARM.Collect$$_printf_percent$$00000002)
    _printf_f                                0x00000491   Thumb Code     0  _printf_f.o(.ARM.Collect$$_printf_percent$$00000003)
    _printf_e                                0x00000497   Thumb Code     0  _printf_e.o(.ARM.Collect$$_printf_percent$$00000004)
    _printf_g                                0x0000049d   Thumb Code     0  _printf_g.o(.ARM.Collect$$_printf_percent$$00000005)
    _printf_a                                0x000004a3   Thumb Code     0  _printf_a.o(.ARM.Collect$$_printf_percent$$00000006)
    _printf_ll                               0x000004a9   Thumb Code     0  _printf_ll.o(.ARM.Collect$$_printf_percent$$00000007)
    _printf_i                                0x000004b3   Thumb Code     0  _printf_i.o(.ARM.Collect$$_printf_percent$$00000008)
    _printf_d                                0x000004b9   Thumb Code     0  _printf_d.o(.ARM.Collect$$_printf_percent$$00000009)
    _printf_u                                0x000004bf   Thumb Code     0  _printf_u.o(.ARM.Collect$$_printf_percent$$0000000A)
    _printf_o                                0x000004c5   Thumb Code     0  _printf_o.o(.ARM.Collect$$_printf_percent$$0000000B)
    _printf_x                                0x000004cb   Thumb Code     0  _printf_x.o(.ARM.Collect$$_printf_percent$$0000000C)
    _printf_lli                              0x000004d1   Thumb Code     0  _printf_lli.o(.ARM.Collect$$_printf_percent$$0000000D)
    _printf_lld                              0x000004d7   Thumb Code     0  _printf_lld.o(.ARM.Collect$$_printf_percent$$0000000E)
    _printf_llu                              0x000004dd   Thumb Code     0  _printf_llu.o(.ARM.Collect$$_printf_percent$$0000000F)
    _printf_llo                              0x000004e3   Thumb Code     0  _printf_llo.o(.ARM.Collect$$_printf_percent$$00000010)
    _printf_llx                              0x000004e9   Thumb Code     0  _printf_llx.o(.ARM.Collect$$_printf_percent$$00000011)
    _printf_l                                0x000004ef   Thumb Code     0  _printf_l.o(.ARM.Collect$$_printf_percent$$00000012)
    _printf_c                                0x000004f9   Thumb Code     0  _printf_c.o(.ARM.Collect$$_printf_percent$$00000013)
    _printf_s                                0x000004ff   Thumb Code     0  _printf_s.o(.ARM.Collect$$_printf_percent$$00000014)
    _printf_lc                               0x00000505   Thumb Code     0  _printf_lc.o(.ARM.Collect$$_printf_percent$$00000015)
    _printf_ls                               0x0000050b   Thumb Code     0  _printf_ls.o(.ARM.Collect$$_printf_percent$$00000016)
    _printf_percent_end                      0x00000511   Thumb Code     0  _printf_percent_end.o(.ARM.Collect$$_printf_percent$$00000017)
    __rt_lib_init                            0x00000515   Thumb Code     0  libinit.o(.ARM.Collect$$libinit$$00000000)
    __rt_lib_init_fp_1                       0x00000517   Thumb Code     0  libinit2.o(.ARM.Collect$$libinit$$00000002)
    __rt_lib_init_heap_1                     0x00000517   Thumb Code     0  libinit2.o(.ARM.Collect$$libinit$$0000000A)
    __rt_lib_init_lc_common                  0x00000517   Thumb Code     0  libinit2.o(.ARM.Collect$$libinit$$0000000F)
    __rt_lib_init_preinit_1                  0x00000517   Thumb Code     0  libinit2.o(.ARM.Collect$$libinit$$00000004)
    __rt_lib_init_rand_1                     0x00000517   Thumb Code     0  libinit2.o(.ARM.Collect$$libinit$$0000000E)
    __rt_lib_init_user_alloc_1               0x00000517   Thumb Code     0  libinit2.o(.ARM.Collect$$libinit$$0000000C)
    __rt_lib_init_lc_collate_1               0x0000051d   Thumb Code     0  libinit2.o(.ARM.Collect$$libinit$$00000011)
    __rt_lib_init_lc_ctype_2                 0x0000051d   Thumb Code     0  libinit2.o(.ARM.Collect$$libinit$$00000012)
    __rt_lib_init_lc_ctype_1                 0x00000529   Thumb Code     0  libinit2.o(.ARM.Collect$$libinit$$00000013)
    __rt_lib_init_lc_monetary_1              0x00000529   Thumb Code     0  libinit2.o(.ARM.Collect$$libinit$$00000015)
    __rt_lib_init_lc_numeric_2               0x00000529   Thumb Code     0  libinit2.o(.ARM.Collect$$libinit$$00000016)
    __rt_lib_init_alloca_1                   0x00000533   Thumb Code     0  libinit2.o(.ARM.Collect$$libinit$$0000002E)
    __rt_lib_init_argv_1                     0x00000533   Thumb Code     0  libinit2.o(.ARM.Collect$$libinit$$0000002C)
    __rt_lib_init_atexit_1                   0x00000533   Thumb Code     0  libinit2.o(.ARM.Collect$$libinit$$0000001B)
    __rt_lib_init_clock_1                    0x00000533   Thumb Code     0  libinit2.o(.ARM.Collect$$libinit$$00000021)
    __rt_lib_init_cpp_1                      0x00000533   Thumb Code     0  libinit2.o(.ARM.Collect$$libinit$$00000032)
    __rt_lib_init_exceptions_1               0x00000533   Thumb Code     0  libinit2.o(.ARM.Collect$$libinit$$00000030)
    __rt_lib_init_fp_trap_1                  0x00000533   Thumb Code     0  libinit2.o(.ARM.Collect$$libinit$$0000001F)
    __rt_lib_init_getenv_1                   0x00000533   Thumb Code     0  libinit2.o(.ARM.Collect$$libinit$$00000023)
    __rt_lib_init_lc_numeric_1               0x00000533   Thumb Code     0  libinit2.o(.ARM.Collect$$libinit$$00000017)
    __rt_lib_init_lc_time_1                  0x00000533   Thumb Code     0  libinit2.o(.ARM.Collect$$libinit$$00000019)
    __rt_lib_init_return                     0x00000533   Thumb Code     0  libinit2.o(.ARM.Collect$$libinit$$00000033)
    __rt_lib_init_signal_1                   0x00000533   Thumb Code     0  libinit2.o(.ARM.Collect$$libinit$$0000001D)
    __rt_lib_init_stdio_1                    0x00000533   Thumb Code     0  libinit2.o(.ARM.Collect$$libinit$$00000025)
    __rt_lib_shutdown                        0x00000535   Thumb Code     0  libshutdown.o(.ARM.Collect$$libshutdown$$00000000)
    __rt_lib_shutdown_cpp_1                  0x00000537   Thumb Code     0  libshutdown2.o(.ARM.Collect$$libshutdown$$00000002)
    __rt_lib_shutdown_fp_trap_1              0x00000537   Thumb Code     0  libshutdown2.o(.ARM.Collect$$libshutdown$$00000007)
    __rt_lib_shutdown_heap_1                 0x00000537   Thumb Code     0  libshutdown2.o(.ARM.Collect$$libshutdown$$0000000F)
    __rt_lib_shutdown_return                 0x00000537   Thumb Code     0  libshutdown2.o(.ARM.Collect$$libshutdown$$00000010)
    __rt_lib_shutdown_signal_1               0x00000537   Thumb Code     0  libshutdown2.o(.ARM.Collect$$libshutdown$$0000000A)
    __rt_lib_shutdown_stdio_1                0x00000537   Thumb Code     0  libshutdown2.o(.ARM.Collect$$libshutdown$$00000004)
    __rt_lib_shutdown_user_alloc_1           0x00000537   Thumb Code     0  libshutdown2.o(.ARM.Collect$$libshutdown$$0000000C)
    __rt_entry                               0x00000539   Thumb Code     0  __rtentry.o(.ARM.Collect$$rtentry$$00000000)
    __rt_entry_presh_1                       0x00000539   Thumb Code     0  __rtentry2.o(.ARM.Collect$$rtentry$$00000002)
    __rt_entry_sh                            0x00000539   Thumb Code     0  __rtentry4.o(.ARM.Collect$$rtentry$$00000004)
    __rt_entry_li                            0x0000053f   Thumb Code     0  __rtentry2.o(.ARM.Collect$$rtentry$$0000000A)
    __rt_entry_postsh_1                      0x0000053f   Thumb Code     0  __rtentry2.o(.ARM.Collect$$rtentry$$00000009)
    __rt_entry_main                          0x00000543   Thumb Code     0  __rtentry2.o(.ARM.Collect$$rtentry$$0000000D)
    __rt_entry_postli_1                      0x00000543   Thumb Code     0  __rtentry2.o(.ARM.Collect$$rtentry$$0000000C)
    __rt_exit                                0x0000054b   Thumb Code     0  rtexit.o(.ARM.Collect$$rtexit$$00000000)
    __rt_exit_ls                             0x0000054d   Thumb Code     0  rtexit2.o(.ARM.Collect$$rtexit$$00000003)
    __rt_exit_prels_1                        0x0000054d   Thumb Code     0  rtexit2.o(.ARM.Collect$$rtexit$$00000002)
    __rt_exit_exit                           0x00000551   Thumb Code     0  rtexit2.o(.ARM.Collect$$rtexit$$00000004)
    Reset_Handler                            0x00000559   Thumb Code    12  startup_mk60d10.o(.text)
    HardFault_Handler                        0x00000567   Thumb Code     2  startup_mk60d10.o(.text)
    MemManage_Handler                        0x00000569   Thumb Code     2  startup_mk60d10.o(.text)
    BusFault_Handler                         0x0000056b   Thumb Code     2  startup_mk60d10.o(.text)
    UsageFault_Handler                       0x0000056d   Thumb Code     2  startup_mk60d10.o(.text)
    SVC_Handler                              0x0000056f   Thumb Code     2  startup_mk60d10.o(.text)
    DebugMon_Handler                         0x00000571   Thumb Code     2  startup_mk60d10.o(.text)
    PendSV_Handler                           0x00000573   Thumb Code     2  startup_mk60d10.o(.text)
    SysTick_Handler                          0x00000575   Thumb Code     2  startup_mk60d10.o(.text)
    ADC0_IRQHandler                          0x00000577   Thumb Code     0  startup_mk60d10.o(.text)
    ADC1_IRQHandler                          0x00000577   Thumb Code     0  startup_mk60d10.o(.text)
    CAN0_Bus_Off_IRQHandler                  0x00000577   Thumb Code     0  startup_mk60d10.o(.text)
    CAN0_Error_IRQHandler                    0x00000577   Thumb Code     0  startup_mk60d10.o(.text)
    CAN0_ORed_Message_buffer_IRQHandler      0x00000577   Thumb Code     0  startup_mk60d10.o(.text)
    CAN0_Rx_Warning_IRQHandler               0x00000577   Thumb Code     0  startup_mk60d10.o(.text)
    CAN0_Tx_Warning_IRQHandler               0x00000577   Thumb Code     0  startup_mk60d10.o(.text)
    CAN0_Wake_Up_IRQHandler                  0x00000577   Thumb Code     0  startup_mk60d10.o(.text)
    CAN1_Bus_Off_IRQHandler                  0x00000577   Thumb Code     0  startup_mk60d10.o(.text)
    CAN1_Error_IRQHandler                    0x00000577   Thumb Code     0  startup_mk60d10.o(.text)
    CAN1_ORed_Message_buffer_IRQHandler      0x00000577   Thumb Code     0  startup_mk60d10.o(.text)
    CAN1_Rx_Warning_IRQHandler               0x00000577   Thumb Code     0  startup_mk60d10.o(.text)
    CAN1_Tx_Warning_IRQHandler               0x00000577   Thumb Code     0  startup_mk60d10.o(.text)
    CAN1_Wake_Up_IRQHandler                  0x00000577   Thumb Code     0  startup_mk60d10.o(.text)
    CMP0_IRQHandler                          0x00000577   Thumb Code     0  startup_mk60d10.o(.text)
    CMP1_IRQHandler                          0x00000577   Thumb Code     0  startup_mk60d10.o(.text)
    CMP2_IRQHandler                          0x00000577   Thumb Code     0  startup_mk60d10.o(.text)
    CMT_IRQHandler                           0x00000577   Thumb Code     0  startup_mk60d10.o(.text)
    DAC0_IRQHandler                          0x00000577   Thumb Code     0  startup_mk60d10.o(.text)
    DAC1_IRQHandler                          0x00000577   Thumb Code     0  startup_mk60d10.o(.text)
    DMA0_IRQHandler                          0x00000577   Thumb Code     0  startup_mk60d10.o(.text)
    DMA10_IRQHandler                         0x00000577   Thumb Code     0  startup_mk60d10.o(.text)
    DMA11_IRQHandler                         0x00000577   Thumb Code     0  startup_mk60d10.o(.text)
    DMA12_IRQHandler                         0x00000577   Thumb Code     0  startup_mk60d10.o(.text)
    DMA13_IRQHandler                         0x00000577   Thumb Code     0  startup_mk60d10.o(.text)
    DMA14_IRQHandler                         0x00000577   Thumb Code     0  startup_mk60d10.o(.text)
    DMA15_IRQHandler                         0x00000577   Thumb Code     0  startup_mk60d10.o(.text)
    DMA1_IRQHandler                          0x00000577   Thumb Code     0  startup_mk60d10.o(.text)
    DMA2_IRQHandler                          0x00000577   Thumb Code     0  startup_mk60d10.o(.text)
    DMA3_IRQHandler                          0x00000577   Thumb Code     0  startup_mk60d10.o(.text)
    DMA4_IRQHandler                          0x00000577   Thumb Code     0  startup_mk60d10.o(.text)
    DMA5_IRQHandler                          0x00000577   Thumb Code     0  startup_mk60d10.o(.text)
    DMA6_IRQHandler                          0x00000577   Thumb Code     0  startup_mk60d10.o(.text)
    DMA7_IRQHandler                          0x00000577   Thumb Code     0  startup_mk60d10.o(.text)
    DMA8_IRQHandler                          0x00000577   Thumb Code     0  startup_mk60d10.o(.text)
    DMA9_IRQHandler                          0x00000577   Thumb Code     0  startup_mk60d10.o(.text)
    DMA_Error_IRQHandler                     0x00000577   Thumb Code     0  startup_mk60d10.o(.text)
    DefaultISR                               0x00000577   Thumb Code     0  startup_mk60d10.o(.text)
    ENET_1588_Timer_IRQHandler               0x00000577   Thumb Code     0  startup_mk60d10.o(.text)
    ENET_Error_IRQHandler                    0x00000577   Thumb Code     0  startup_mk60d10.o(.text)
    ENET_Receive_IRQHandler                  0x00000577   Thumb Code     0  startup_mk60d10.o(.text)
    ENET_Transmit_IRQHandler                 0x00000577   Thumb Code     0  startup_mk60d10.o(.text)
    FTFL_IRQHandler                          0x00000577   Thumb Code     0  startup_mk60d10.o(.text)
    FTM0_IRQHandler                          0x00000577   Thumb Code     0  startup_mk60d10.o(.text)
    FTM1_IRQHandler                          0x00000577   Thumb Code     0  startup_mk60d10.o(.text)
    FTM2_IRQHandler                          0x00000577   Thumb Code     0  startup_mk60d10.o(.text)
    I2C0_IRQHandler                          0x00000577   Thumb Code     0  startup_mk60d10.o(.text)
    I2C1_IRQHandler                          0x00000577   Thumb Code     0  startup_mk60d10.o(.text)
    I2S0_Rx_IRQHandler                       0x00000577   Thumb Code     0  startup_mk60d10.o(.text)
    I2S0_Tx_IRQHandler                       0x00000577   Thumb Code     0  startup_mk60d10.o(.text)
    LLW_IRQHandler                           0x00000577   Thumb Code     0  startup_mk60d10.o(.text)
    LPTimer_IRQHandler                       0x00000577   Thumb Code     0  startup_mk60d10.o(.text)
    LVD_LVW_IRQHandler                       0x00000577   Thumb Code     0  startup_mk60d10.o(.text)
    MCG_IRQHandler                           0x00000577   Thumb Code     0  startup_mk60d10.o(.text)
    MCM_IRQHandler                           0x00000577   Thumb Code     0  startup_mk60d10.o(.text)
    PDB0_IRQHandler                          0x00000577   Thumb Code     0  startup_mk60d10.o(.text)
    PIT0_IRQHandler                          0x00000577   Thumb Code     0  startup_mk60d10.o(.text)
    PIT1_IRQHandler                          0x00000577   Thumb Code     0  startup_mk60d10.o(.text)
    PIT2_IRQHandler                          0x00000577   Thumb Code     0  startup_mk60d10.o(.text)
    PIT3_IRQHandler                          0x00000577   Thumb Code     0  startup_mk60d10.o(.text)
    PORTB_IRQHandler                         0x00000577   Thumb Code     0  startup_mk60d10.o(.text)
    PORTC_IRQHandler                         0x00000577   Thumb Code     0  startup_mk60d10.o(.text)
    PORTD_IRQHandler                         0x00000577   Thumb Code     0  startup_mk60d10.o(.text)
    PORTE_IRQHandler                         0x00000577   Thumb Code     0  startup_mk60d10.o(.text)
    RNG_IRQHandler                           0x00000577   Thumb Code     0  startup_mk60d10.o(.text)
    RTC_IRQHandler                           0x00000577   Thumb Code     0  startup_mk60d10.o(.text)
    RTC_Seconds_IRQHandler                   0x00000577   Thumb Code     0  startup_mk60d10.o(.text)
    Read_Collision_IRQHandler                0x00000577   Thumb Code     0  startup_mk60d10.o(.text)
    Reserved102_IRQHandler                   0x00000577   Thumb Code     0  startup_mk60d10.o(.text)
    Reserved108_IRQHandler                   0x00000577   Thumb Code     0  startup_mk60d10.o(.text)
    Reserved109_IRQHandler                   0x00000577   Thumb Code     0  startup_mk60d10.o(.text)
    Reserved111_IRQHandler                   0x00000577   Thumb Code     0  startup_mk60d10.o(.text)
    Reserved112_IRQHandler                   0x00000577   Thumb Code     0  startup_mk60d10.o(.text)
    Reserved113_IRQHandler                   0x00000577   Thumb Code     0  startup_mk60d10.o(.text)
    Reserved114_IRQHandler                   0x00000577   Thumb Code     0  startup_mk60d10.o(.text)
    Reserved115_IRQHandler                   0x00000577   Thumb Code     0  startup_mk60d10.o(.text)
    Reserved116_IRQHandler                   0x00000577   Thumb Code     0  startup_mk60d10.o(.text)
    Reserved117_IRQHandler                   0x00000577   Thumb Code     0  startup_mk60d10.o(.text)
    Reserved118_IRQHandler                   0x00000577   Thumb Code     0  startup_mk60d10.o(.text)
    Reserved119_IRQHandler                   0x00000577   Thumb Code     0  startup_mk60d10.o(.text)
    Reserved59_IRQHandler                    0x00000577   Thumb Code     0  startup_mk60d10.o(.text)
    Reserved95_IRQHandler                    0x00000577   Thumb Code     0  startup_mk60d10.o(.text)
    SDHC_IRQHandler                          0x00000577   Thumb Code     0  startup_mk60d10.o(.text)
    SPI0_IRQHandler                          0x00000577   Thumb Code     0  startup_mk60d10.o(.text)
    SPI1_IRQHandler                          0x00000577   Thumb Code     0  startup_mk60d10.o(.text)
    SPI2_IRQHandler                          0x00000577   Thumb Code     0  startup_mk60d10.o(.text)
    SWI_IRQHandler                           0x00000577   Thumb Code     0  startup_mk60d10.o(.text)
    TSI0_IRQHandler                          0x00000577   Thumb Code     0  startup_mk60d10.o(.text)
    UART0_ERR_IRQHandler                     0x00000577   Thumb Code     0  startup_mk60d10.o(.text)
    UART0_LON_IRQHandler                     0x00000577   Thumb Code     0  startup_mk60d10.o(.text)
    UART0_RX_TX_IRQHandler                   0x00000577   Thumb Code     0  startup_mk60d10.o(.text)
    UART1_ERR_IRQHandler                     0x00000577   Thumb Code     0  startup_mk60d10.o(.text)
    UART1_RX_TX_IRQHandler                   0x00000577   Thumb Code     0  startup_mk60d10.o(.text)
    UART2_ERR_IRQHandler                     0x00000577   Thumb Code     0  startup_mk60d10.o(.text)
    UART2_RX_TX_IRQHandler                   0x00000577   Thumb Code     0  startup_mk60d10.o(.text)
    UART3_ERR_IRQHandler                     0x00000577   Thumb Code     0  startup_mk60d10.o(.text)
    UART3_RX_TX_IRQHandler                   0x00000577   Thumb Code     0  startup_mk60d10.o(.text)
    UART4_ERR_IRQHandler                     0x00000577   Thumb Code     0  startup_mk60d10.o(.text)
    UART4_RX_TX_IRQHandler                   0x00000577   Thumb Code     0  startup_mk60d10.o(.text)
    UART5_ERR_IRQHandler                     0x00000577   Thumb Code     0  startup_mk60d10.o(.text)
    UART5_RX_TX_IRQHandler                   0x00000577   Thumb Code     0  startup_mk60d10.o(.text)
    USB0_IRQHandler                          0x00000577   Thumb Code     0  startup_mk60d10.o(.text)
    USBDCD_IRQHandler                        0x00000577   Thumb Code     0  startup_mk60d10.o(.text)
    Watchdog_IRQHandler                      0x00000577   Thumb Code     0  startup_mk60d10.o(.text)
    __user_initial_stackheap                 0x00000579   Thumb Code     0  startup_mk60d10.o(.text)
    vsprintf                                 0x0000059d   Thumb Code    32  vsprintf.o(.text)
    __use_two_region_memory                  0x000005c1   Thumb Code     2  heapauxi.o(.text)
    __rt_heap_escrow$2region                 0x000005c3   Thumb Code     2  heapauxi.o(.text)
    __rt_heap_expand$2region                 0x000005c5   Thumb Code     2  heapauxi.o(.text)
    _printf_pre_padding                      0x000005c7   Thumb Code    44  _printf_pad.o(.text)
    _printf_post_padding                     0x000005f3   Thumb Code    34  _printf_pad.o(.text)
    _printf_truncate_signed                  0x00000615   Thumb Code    18  _printf_truncate.o(.text)
    _printf_truncate_unsigned                0x00000627   Thumb Code    18  _printf_truncate.o(.text)
    _printf_str                              0x00000639   Thumb Code    82  _printf_str.o(.text)
    _printf_int_dec                          0x0000068d   Thumb Code   104  _printf_dec.o(.text)
    _printf_charcount                        0x00000705   Thumb Code    40  _printf_charcount.o(.text)
    _printf_char_common                      0x00000737   Thumb Code    32  _printf_char_common.o(.text)
    _sputc                                   0x0000075d   Thumb Code    10  _sputc.o(.text)
    _printf_wctomb                           0x00000769   Thumb Code   182  _printf_wctomb.o(.text)
    _printf_longlong_dec                     0x00000825   Thumb Code   108  _printf_longlong_dec.o(.text)
    _printf_longlong_oct                     0x000008a1   Thumb Code    66  _printf_oct_int_ll.o(.text)
    _printf_int_oct                          0x000008e3   Thumb Code    24  _printf_oct_int_ll.o(.text)
    _printf_ll_oct                           0x000008fb   Thumb Code    12  _printf_oct_int_ll.o(.text)
    _printf_longlong_hex                     0x00000911   Thumb Code    86  _printf_hex_int_ll_ptr.o(.text)
    _printf_int_hex                          0x00000967   Thumb Code    28  _printf_hex_int_ll_ptr.o(.text)
    _printf_ll_hex                           0x00000983   Thumb Code    12  _printf_hex_int_ll_ptr.o(.text)
    _printf_hex_ptr                          0x0000098f   Thumb Code    18  _printf_hex_int_ll_ptr.o(.text)
    __printf                                 0x000009a5   Thumb Code   388  __printf_flags_ss_wp.o(.text)
    _ll_udiv10                               0x00000b2d   Thumb Code   138  lludiv10.o(.text)
    _printf_int_common                       0x00000bb7   Thumb Code   178  _printf_intcommon.o(.text)
    __lib_sel_fp_printf                      0x00000c69   Thumb Code     2  _printf_fp_dec.o(.text)
    _printf_fp_dec_real                      0x00000e1b   Thumb Code   620  _printf_fp_dec.o(.text)
    _printf_fp_hex_real                      0x00001089   Thumb Code   756  _printf_fp_hex.o(.text)
    _printf_cs_common                        0x00001385   Thumb Code    20  _printf_char.o(.text)
    _printf_char                             0x00001399   Thumb Code    16  _printf_char.o(.text)
    _printf_string                           0x000013a9   Thumb Code     8  _printf_char.o(.text)
    _printf_lcs_common                       0x000013b1   Thumb Code    20  _printf_wchar.o(.text)
    _printf_wchar                            0x000013c5   Thumb Code    16  _printf_wchar.o(.text)
    _printf_wstring                          0x000013d5   Thumb Code     8  _printf_wchar.o(.text)
    _wcrtomb                                 0x000013dd   Thumb Code    64  _wcrtomb.o(.text)
    __user_setup_stackheap                   0x0000141d   Thumb Code    74  sys_stackheap_outer.o(.text)
    __rt_ctype_table                         0x00001469   Thumb Code    16  rt_ctype_table.o(.text)
    __rt_locale                              0x00001479   Thumb Code     8  rt_locale_intlibspace.o(.text)
    _printf_fp_infnan                        0x00001481   Thumb Code   112  _printf_fp_infnan.o(.text)
    _btod_etento                             0x00001501   Thumb Code   224  bigflt0.o(.text)
    exit                                     0x000015e5   Thumb Code    18  exit.o(.text)
    __user_libspace                          0x000015f9   Thumb Code     8  libspace.o(.text)
    __user_perproc_libspace                  0x000015f9   Thumb Code     0  libspace.o(.text)
    __user_perthread_libspace                0x000015f9   Thumb Code     0  libspace.o(.text)
    strcmp                                   0x00001601   Thumb Code   128  strcmpv7m.o(.text)
    _sys_exit                                0x00001681   Thumb Code     8  sys_exit.o(.text)
    __I$use$semihosting                      0x0000168d   Thumb Code     0  use_no_semi.o(.text)
    __use_no_semihosting_swi                 0x0000168d   Thumb Code     2  use_no_semi.o(.text)
    __semihosting_library_function           0x0000168f   Thumb Code     0  indicate_semi.o(.text)
    _btod_d2e                                0x0000168f   Thumb Code    62  btod.o(CL$$btod_d2e)
    _d2e_denorm_low                          0x000016cd   Thumb Code    70  btod.o(CL$$btod_d2e_denorm_low)
    _d2e_norm_op1                            0x00001713   Thumb Code    96  btod.o(CL$$btod_d2e_norm_op1)
    __btod_div_common                        0x00001773   Thumb Code   696  btod.o(CL$$btod_div_common)
    _e2e                                     0x00001aab   Thumb Code   220  btod.o(CL$$btod_e2e)
    _btod_ediv                               0x00001b87   Thumb Code    42  btod.o(CL$$btod_ediv)
    _btod_emul                               0x00001bb1   Thumb Code    42  btod.o(CL$$btod_emul)
    __btod_mult_common                       0x00001bdb   Thumb Code   580  btod.o(CL$$btod_mult_common)
    Dector_Init                              0x00001e21   Thumb Code   204  ic_test.o(i.Dector_Init)
    Disable_Wdog                             0x00001f05   Thumb Code    22  system_mk60d10.o(i.Disable_Wdog)
    KEYs_Init                                0x00001f21   Thumb Code   122  key.o(i.KEYs_Init)
    LCD1602_Char                             0x00001fb1   Thumb Code    40  lcd1602.o(i.LCD1602_Char)
    LCD1602_CheckBusy                        0x00001fd9   Thumb Code    98  lcd1602.o(i.LCD1602_CheckBusy)
    LCD1602_GPIO_Configuration               0x00002041   Thumb Code   204  lcd1602.o(i.LCD1602_GPIO_Configuration)
    LCD1602_Init                             0x0000211d   Thumb Code    92  lcd1602.o(i.LCD1602_Init)
    LCD1602_WriteCmd                         0x00002179   Thumb Code   152  lcd1602.o(i.LCD1602_WriteCmd)
    LCD1602_WriteDat                         0x00002215   Thumb Code   152  lcd1602.o(i.LCD1602_WriteDat)
    LCD_Printf                               0x000022b1   Thumb Code    76  lcd1602.o(i.LCD_Printf)
    LED_Init                                 0x00002301   Thumb Code    98  led.o(i.LED_Init)
    NMI_Handler                              0x00002371   Thumb Code     2  system_mk60d10.o(i.NMI_Handler)
    PORTA_IRQHandler                         0x00002375   Thumb Code    24  isr.o(i.PORTA_IRQHandler)
    SYSTEM_CLK                               0x0000239d   Thumb Code   182  system_mk60d10.o(i.SYSTEM_CLK)
    Start                                    0x00002461   Thumb Code    12  system_mk60d10.o(i.Start)
    TEST_Direction                           0x0000246d   Thumb Code    60  ic_test.o(i.TEST_Direction)
    TEST_Init                                0x000024ad   Thumb Code    16  ic_test.o(i.TEST_Init)
    TEST_Type                                0x000024bd   Thumb Code    58  ic_test.o(i.TEST_Type)
    __ARM_fpclassify                         0x000024fd   Thumb Code    40  fpclassify.o(i.__ARM_fpclassify)
    __DEBUG_PRINT_TYPE                       0x00002525   Thumb Code   114  ic_test.o(i.__DEBUG_PRINT_TYPE)
    _is_digit                                0x00002615   Thumb Code    14  __printf_wp.o(i._is_digit)
    main                                     0x00002625   Thumb Code    38  main.o(i.main)
    systick_delay                            0x00002651   Thumb Code    44  systickdelay.o(i.systick_delay)
    systick_delay_ms                         0x0000267d   Thumb Code    32  systickdelay.o(i.systick_delay_ms)
    _get_lc_numeric                          0x000026a1   Thumb Code    44  lc_numeric_c.o(locale$$code)
    _get_lc_ctype                            0x000026cd   Thumb Code    44  lc_ctype_c.o(locale$$code)
    _printf_fp_dec                           0x000026f9   Thumb Code     4  printf1.o(x$fpl$printf1)
    _printf_fp_hex                           0x000026fd   Thumb Code     4  printf2.o(x$fpl$printf2)
    __I$use$fp                               0x00002700   Number         0  usenofp.o(x$fpl$usenofp)
    Region$$Table$$Base                      0x000027fc   Number         0  anon$$obj.o(Region$$Table)
    Region$$Table$$Limit                     0x0000281c   Number         0  anon$$obj.o(Region$$Table)
    __ctype                                  0x00002845   Data           0  lc_ctype_c.o(locale$$data)
    IO__GATE                                 0x20000000   Data          12  ic_test.o(.data)
    mcgout_clk_mhz                           0x2000000c   Data           4  systickdelay.o(.data)
    core_clk_mhz                             0x20000010   Data           4  systickdelay.o(.data)
    bus_clk_mhz                              0x20000014   Data           4  systickdelay.o(.data)
    CHIP_Parameter                           0x20000038   Data          24  ic_test.o(.bss)
    __libspace_start                         0x20000050   Data          96  libspace.o(.bss)
    __temporary_stack_top$libspace           0x200000b0   Data           0  libspace.o(.bss)



==============================================================================

Memory Map of the image

  Image Entry point : 0x00000411

  Load Region LR_IROM1 (Base: 0x00000000, Size: 0x00002960, Max: 0x00080000, ABSOLUTE)

    Execution Region ER_IROM1 (Exec base: 0x00000000, Load base: 0x00000000, Size: 0x00002948, Max: 0x00080000, ABSOLUTE)

    Exec Addr    Load Addr    Size         Type   Attr      Idx    E Section Name        Object

    0x00000000   0x00000000   0x00000400   Data   RO          348    RESET               startup_mk60d10.o
    0x00000400   0x00000400   0x00000010   Code   RO          349    .ARM.__at_0x400     startup_mk60d10.o
    0x00000410   0x00000410   0x00000008   Code   RO          422  * !!!main             c_w.l(__main.o)
    0x00000418   0x00000418   0x00000034   Code   RO          743    !!!scatter          c_w.l(__scatter.o)
    0x0000044c   0x0000044c   0x0000001a   Code   RO          745    !!handler_copy      c_w.l(__scatter_copy.o)
    0x00000466   0x00000466   0x00000002   PAD
    0x00000468   0x00000468   0x0000001c   Code   RO          747    !!handler_zi        c_w.l(__scatter_zi.o)
    0x00000484   0x00000484   0x00000000   Code   RO          506    .ARM.Collect$$_printf_percent$$00000000  c_w.l(_printf_percent.o)
    0x00000484   0x00000484   0x00000006   Code   RO          495    .ARM.Collect$$_printf_percent$$00000001  c_w.l(_printf_n.o)
    0x0000048a   0x0000048a   0x00000006   Code   RO          497    .ARM.Collect$$_printf_percent$$00000002  c_w.l(_printf_p.o)
    0x00000490   0x00000490   0x00000006   Code   RO          502    .ARM.Collect$$_printf_percent$$00000003  c_w.l(_printf_f.o)
    0x00000496   0x00000496   0x00000006   Code   RO          503    .ARM.Collect$$_printf_percent$$00000004  c_w.l(_printf_e.o)
    0x0000049c   0x0000049c   0x00000006   Code   RO          504    .ARM.Collect$$_printf_percent$$00000005  c_w.l(_printf_g.o)
    0x000004a2   0x000004a2   0x00000006   Code   RO          505    .ARM.Collect$$_printf_percent$$00000006  c_w.l(_printf_a.o)
    0x000004a8   0x000004a8   0x0000000a   Code   RO          510    .ARM.Collect$$_printf_percent$$00000007  c_w.l(_printf_ll.o)
    0x000004b2   0x000004b2   0x00000006   Code   RO          499    .ARM.Collect$$_printf_percent$$00000008  c_w.l(_printf_i.o)
    0x000004b8   0x000004b8   0x00000006   Code   RO          500    .ARM.Collect$$_printf_percent$$00000009  c_w.l(_printf_d.o)
    0x000004be   0x000004be   0x00000006   Code   RO          501    .ARM.Collect$$_printf_percent$$0000000A  c_w.l(_printf_u.o)
    0x000004c4   0x000004c4   0x00000006   Code   RO          498    .ARM.Collect$$_printf_percent$$0000000B  c_w.l(_printf_o.o)
    0x000004ca   0x000004ca   0x00000006   Code   RO          496    .ARM.Collect$$_printf_percent$$0000000C  c_w.l(_printf_x.o)
    0x000004d0   0x000004d0   0x00000006   Code   RO          507    .ARM.Collect$$_printf_percent$$0000000D  c_w.l(_printf_lli.o)
    0x000004d6   0x000004d6   0x00000006   Code   RO          508    .ARM.Collect$$_printf_percent$$0000000E  c_w.l(_printf_lld.o)
    0x000004dc   0x000004dc   0x00000006   Code   RO          509    .ARM.Collect$$_printf_percent$$0000000F  c_w.l(_printf_llu.o)
    0x000004e2   0x000004e2   0x00000006   Code   RO          514    .ARM.Collect$$_printf_percent$$00000010  c_w.l(_printf_llo.o)
    0x000004e8   0x000004e8   0x00000006   Code   RO          515    .ARM.Collect$$_printf_percent$$00000011  c_w.l(_printf_llx.o)
    0x000004ee   0x000004ee   0x0000000a   Code   RO          511    .ARM.Collect$$_printf_percent$$00000012  c_w.l(_printf_l.o)
    0x000004f8   0x000004f8   0x00000006   Code   RO          493    .ARM.Collect$$_printf_percent$$00000013  c_w.l(_printf_c.o)
    0x000004fe   0x000004fe   0x00000006   Code   RO          494    .ARM.Collect$$_printf_percent$$00000014  c_w.l(_printf_s.o)
    0x00000504   0x00000504   0x00000006   Code   RO          512    .ARM.Collect$$_printf_percent$$00000015  c_w.l(_printf_lc.o)
    0x0000050a   0x0000050a   0x00000006   Code   RO          513    .ARM.Collect$$_printf_percent$$00000016  c_w.l(_printf_ls.o)
    0x00000510   0x00000510   0x00000004   Code   RO          554    .ARM.Collect$$_printf_percent$$00000017  c_w.l(_printf_percent_end.o)
    0x00000514   0x00000514   0x00000002   Code   RO          603    .ARM.Collect$$libinit$$00000000  c_w.l(libinit.o)
    0x00000516   0x00000516   0x00000000   Code   RO          620    .ARM.Collect$$libinit$$00000002  c_w.l(libinit2.o)
    0x00000516   0x00000516   0x00000000   Code   RO          622    .ARM.Collect$$libinit$$00000004  c_w.l(libinit2.o)
    0x00000516   0x00000516   0x00000000   Code   RO          625    .ARM.Collect$$libinit$$0000000A  c_w.l(libinit2.o)
    0x00000516   0x00000516   0x00000000   Code   RO          627    .ARM.Collect$$libinit$$0000000C  c_w.l(libinit2.o)
    0x00000516   0x00000516   0x00000000   Code   RO          629    .ARM.Collect$$libinit$$0000000E  c_w.l(libinit2.o)
    0x00000516   0x00000516   0x00000006   Code   RO          630    .ARM.Collect$$libinit$$0000000F  c_w.l(libinit2.o)
    0x0000051c   0x0000051c   0x00000000   Code   RO          632    .ARM.Collect$$libinit$$00000011  c_w.l(libinit2.o)
    0x0000051c   0x0000051c   0x0000000c   Code   RO          633    .ARM.Collect$$libinit$$00000012  c_w.l(libinit2.o)
    0x00000528   0x00000528   0x00000000   Code   RO          634    .ARM.Collect$$libinit$$00000013  c_w.l(libinit2.o)
    0x00000528   0x00000528   0x00000000   Code   RO          636    .ARM.Collect$$libinit$$00000015  c_w.l(libinit2.o)
    0x00000528   0x00000528   0x0000000a   Code   RO          637    .ARM.Collect$$libinit$$00000016  c_w.l(libinit2.o)
    0x00000532   0x00000532   0x00000000   Code   RO          638    .ARM.Collect$$libinit$$00000017  c_w.l(libinit2.o)
    0x00000532   0x00000532   0x00000000   Code   RO          640    .ARM.Collect$$libinit$$00000019  c_w.l(libinit2.o)
    0x00000532   0x00000532   0x00000000   Code   RO          642    .ARM.Collect$$libinit$$0000001B  c_w.l(libinit2.o)
    0x00000532   0x00000532   0x00000000   Code   RO          644    .ARM.Collect$$libinit$$0000001D  c_w.l(libinit2.o)
    0x00000532   0x00000532   0x00000000   Code   RO          646    .ARM.Collect$$libinit$$0000001F  c_w.l(libinit2.o)
    0x00000532   0x00000532   0x00000000   Code   RO          648    .ARM.Collect$$libinit$$00000021  c_w.l(libinit2.o)
    0x00000532   0x00000532   0x00000000   Code   RO          650    .ARM.Collect$$libinit$$00000023  c_w.l(libinit2.o)
    0x00000532   0x00000532   0x00000000   Code   RO          652    .ARM.Collect$$libinit$$00000025  c_w.l(libinit2.o)
    0x00000532   0x00000532   0x00000000   Code   RO          656    .ARM.Collect$$libinit$$0000002C  c_w.l(libinit2.o)
    0x00000532   0x00000532   0x00000000   Code   RO          658    .ARM.Collect$$libinit$$0000002E  c_w.l(libinit2.o)
    0x00000532   0x00000532   0x00000000   Code   RO          660    .ARM.Collect$$libinit$$00000030  c_w.l(libinit2.o)
    0x00000532   0x00000532   0x00000000   Code   RO          662    .ARM.Collect$$libinit$$00000032  c_w.l(libinit2.o)
    0x00000532   0x00000532   0x00000002   Code   RO          663    .ARM.Collect$$libinit$$00000033  c_w.l(libinit2.o)
    0x00000534   0x00000534   0x00000002   Code   RO          683    .ARM.Collect$$libshutdown$$00000000  c_w.l(libshutdown.o)
    0x00000536   0x00000536   0x00000000   Code   RO          696    .ARM.Collect$$libshutdown$$00000002  c_w.l(libshutdown2.o)
    0x00000536   0x00000536   0x00000000   Code   RO          698    .ARM.Collect$$libshutdown$$00000004  c_w.l(libshutdown2.o)
    0x00000536   0x00000536   0x00000000   Code   RO          701    .ARM.Collect$$libshutdown$$00000007  c_w.l(libshutdown2.o)
    0x00000536   0x00000536   0x00000000   Code   RO          704    .ARM.Collect$$libshutdown$$0000000A  c_w.l(libshutdown2.o)
    0x00000536   0x00000536   0x00000000   Code   RO          706    .ARM.Collect$$libshutdown$$0000000C  c_w.l(libshutdown2.o)
    0x00000536   0x00000536   0x00000000   Code   RO          709    .ARM.Collect$$libshutdown$$0000000F  c_w.l(libshutdown2.o)
    0x00000536   0x00000536   0x00000002   Code   RO          710    .ARM.Collect$$libshutdown$$00000010  c_w.l(libshutdown2.o)
    0x00000538   0x00000538   0x00000000   Code   RO          424    .ARM.Collect$$rtentry$$00000000  c_w.l(__rtentry.o)
    0x00000538   0x00000538   0x00000000   Code   RO          525    .ARM.Collect$$rtentry$$00000002  c_w.l(__rtentry2.o)
    0x00000538   0x00000538   0x00000006   Code   RO          537    .ARM.Collect$$rtentry$$00000004  c_w.l(__rtentry4.o)
    0x0000053e   0x0000053e   0x00000000   Code   RO          527    .ARM.Collect$$rtentry$$00000009  c_w.l(__rtentry2.o)
    0x0000053e   0x0000053e   0x00000004   Code   RO          528    .ARM.Collect$$rtentry$$0000000A  c_w.l(__rtentry2.o)
    0x00000542   0x00000542   0x00000000   Code   RO          530    .ARM.Collect$$rtentry$$0000000C  c_w.l(__rtentry2.o)
    0x00000542   0x00000542   0x00000008   Code   RO          531    .ARM.Collect$$rtentry$$0000000D  c_w.l(__rtentry2.o)
    0x0000054a   0x0000054a   0x00000002   Code   RO          612    .ARM.Collect$$rtexit$$00000000  c_w.l(rtexit.o)
    0x0000054c   0x0000054c   0x00000000   Code   RO          665    .ARM.Collect$$rtexit$$00000002  c_w.l(rtexit2.o)
    0x0000054c   0x0000054c   0x00000004   Code   RO          666    .ARM.Collect$$rtexit$$00000003  c_w.l(rtexit2.o)
    0x00000550   0x00000550   0x00000006   Code   RO          667    .ARM.Collect$$rtexit$$00000004  c_w.l(rtexit2.o)
    0x00000556   0x00000556   0x00000002   PAD
    0x00000558   0x00000558   0x00000044   Code   RO          350    .text               startup_mk60d10.o
    0x0000059c   0x0000059c   0x00000024   Code   RO          418    .text               c_w.l(vsprintf.o)
    0x000005c0   0x000005c0   0x00000006   Code   RO          420    .text               c_w.l(heapauxi.o)
    0x000005c6   0x000005c6   0x0000004e   Code   RO          427    .text               c_w.l(_printf_pad.o)
    0x00000614   0x00000614   0x00000024   Code   RO          429    .text               c_w.l(_printf_truncate.o)
    0x00000638   0x00000638   0x00000052   Code   RO          431    .text               c_w.l(_printf_str.o)
    0x0000068a   0x0000068a   0x00000002   PAD
    0x0000068c   0x0000068c   0x00000078   Code   RO          433    .text               c_w.l(_printf_dec.o)
    0x00000704   0x00000704   0x00000028   Code   RO          435    .text               c_w.l(_printf_charcount.o)
    0x0000072c   0x0000072c   0x00000030   Code   RO          437    .text               c_w.l(_printf_char_common.o)
    0x0000075c   0x0000075c   0x0000000a   Code   RO          439    .text               c_w.l(_sputc.o)
    0x00000766   0x00000766   0x00000002   PAD
    0x00000768   0x00000768   0x000000bc   Code   RO          441    .text               c_w.l(_printf_wctomb.o)
    0x00000824   0x00000824   0x0000007c   Code   RO          444    .text               c_w.l(_printf_longlong_dec.o)
    0x000008a0   0x000008a0   0x00000070   Code   RO          450    .text               c_w.l(_printf_oct_int_ll.o)
    0x00000910   0x00000910   0x00000094   Code   RO          470    .text               c_w.l(_printf_hex_int_ll_ptr.o)
    0x000009a4   0x000009a4   0x00000188   Code   RO          490    .text               c_w.l(__printf_flags_ss_wp.o)
    0x00000b2c   0x00000b2c   0x0000008a   Code   RO          539    .text               c_w.l(lludiv10.o)
    0x00000bb6   0x00000bb6   0x000000b2   Code   RO          541    .text               c_w.l(_printf_intcommon.o)
    0x00000c68   0x00000c68   0x0000041e   Code   RO          543    .text               c_w.l(_printf_fp_dec.o)
    0x00001086   0x00001086   0x00000002   PAD
    0x00001088   0x00001088   0x000002fc   Code   RO          545    .text               c_w.l(_printf_fp_hex.o)
    0x00001384   0x00001384   0x0000002c   Code   RO          550    .text               c_w.l(_printf_char.o)
    0x000013b0   0x000013b0   0x0000002c   Code   RO          552    .text               c_w.l(_printf_wchar.o)
    0x000013dc   0x000013dc   0x00000040   Code   RO          555    .text               c_w.l(_wcrtomb.o)
    0x0000141c   0x0000141c   0x0000004a   Code   RO          557    .text               c_w.l(sys_stackheap_outer.o)
    0x00001466   0x00001466   0x00000002   PAD
    0x00001468   0x00001468   0x00000010   Code   RO          559    .text               c_w.l(rt_ctype_table.o)
    0x00001478   0x00001478   0x00000008   Code   RO          564    .text               c_w.l(rt_locale_intlibspace.o)
    0x00001480   0x00001480   0x00000080   Code   RO          566    .text               c_w.l(_printf_fp_infnan.o)
    0x00001500   0x00001500   0x000000e4   Code   RO          568    .text               c_w.l(bigflt0.o)
    0x000015e4   0x000015e4   0x00000012   Code   RO          596    .text               c_w.l(exit.o)
    0x000015f6   0x000015f6   0x00000002   PAD
    0x000015f8   0x000015f8   0x00000008   Code   RO          609    .text               c_w.l(libspace.o)
    0x00001600   0x00001600   0x00000080   Code   RO          617    .text               c_w.l(strcmpv7m.o)
    0x00001680   0x00001680   0x0000000c   Code   RO          675    .text               c_w.l(sys_exit.o)
    0x0000168c   0x0000168c   0x00000002   Code   RO          686    .text               c_w.l(use_no_semi.o)
    0x0000168e   0x0000168e   0x00000000   Code   RO          688    .text               c_w.l(indicate_semi.o)
    0x0000168e   0x0000168e   0x0000003e   Code   RO          571    CL$$btod_d2e        c_w.l(btod.o)
    0x000016cc   0x000016cc   0x00000046   Code   RO          573    CL$$btod_d2e_denorm_low  c_w.l(btod.o)
    0x00001712   0x00001712   0x00000060   Code   RO          572    CL$$btod_d2e_norm_op1  c_w.l(btod.o)
    0x00001772   0x00001772   0x00000338   Code   RO          581    CL$$btod_div_common  c_w.l(btod.o)
    0x00001aaa   0x00001aaa   0x000000dc   Code   RO          578    CL$$btod_e2e        c_w.l(btod.o)
    0x00001b86   0x00001b86   0x0000002a   Code   RO          575    CL$$btod_ediv       c_w.l(btod.o)
    0x00001bb0   0x00001bb0   0x0000002a   Code   RO          574    CL$$btod_emul       c_w.l(btod.o)
    0x00001bda   0x00001bda   0x00000244   Code   RO          580    CL$$btod_mult_common  c_w.l(btod.o)
    0x00001e1e   0x00001e1e   0x00000002   PAD
    0x00001e20   0x00001e20   0x000000e4   Code   RO          190    i.Dector_Init       ic_test.o
    0x00001f04   0x00001f04   0x0000001c   Code   RO          300    i.Disable_Wdog      system_mk60d10.o
    0x00001f20   0x00001f20   0x00000090   Code   RO            4    i.KEYs_Init         key.o
    0x00001fb0   0x00001fb0   0x00000028   Code   RO           80    i.LCD1602_Char      lcd1602.o
    0x00001fd8   0x00001fd8   0x00000068   Code   RO           81    i.LCD1602_CheckBusy  lcd1602.o
    0x00002040   0x00002040   0x000000dc   Code   RO           82    i.LCD1602_GPIO_Configuration  lcd1602.o
    0x0000211c   0x0000211c   0x0000005c   Code   RO           83    i.LCD1602_Init      lcd1602.o
    0x00002178   0x00002178   0x0000009c   Code   RO           85    i.LCD1602_WriteCmd  lcd1602.o
    0x00002214   0x00002214   0x0000009c   Code   RO           86    i.LCD1602_WriteDat  lcd1602.o
    0x000022b0   0x000022b0   0x00000050   Code   RO           88    i.LCD_Printf        lcd1602.o
    0x00002300   0x00002300   0x00000070   Code   RO          167    i.LED_Init          led.o
    0x00002370   0x00002370   0x00000002   Code   RO          301    i.NMI_Handler       system_mk60d10.o
    0x00002372   0x00002372   0x00000002   PAD
    0x00002374   0x00002374   0x00000028   Code   RO          358    i.PORTA_IRQHandler  isr.o
    0x0000239c   0x0000239c   0x000000c4   Code   RO          302    i.SYSTEM_CLK        system_mk60d10.o
    0x00002460   0x00002460   0x0000000c   Code   RO          303    i.Start             system_mk60d10.o
    0x0000246c   0x0000246c   0x00000040   Code   RO          191    i.TEST_Direction    ic_test.o
    0x000024ac   0x000024ac   0x00000010   Code   RO          192    i.TEST_Init         ic_test.o
    0x000024bc   0x000024bc   0x00000040   Code   RO          193    i.TEST_Type         ic_test.o
    0x000024fc   0x000024fc   0x00000028   Code   RO          607    i.__ARM_fpclassify  m_ws.l(fpclassify.o)
    0x00002524   0x00002524   0x000000f0   Code   RO          196    i.__DEBUG_PRINT_TYPE  ic_test.o
    0x00002614   0x00002614   0x0000000e   Code   RO          483    i._is_digit         c_w.l(__printf_wp.o)
    0x00002622   0x00002622   0x00000002   PAD
    0x00002624   0x00002624   0x0000002c   Code   RO          381    i.main              main.o
    0x00002650   0x00002650   0x0000002c   Code   RO          259    i.systick_delay     systickdelay.o
    0x0000267c   0x0000267c   0x00000024   Code   RO          260    i.systick_delay_ms  systickdelay.o
    0x000026a0   0x000026a0   0x0000002c   Code   RO          594    locale$$code        c_w.l(lc_numeric_c.o)
    0x000026cc   0x000026cc   0x0000002c   Code   RO          615    locale$$code        c_w.l(lc_ctype_c.o)
    0x000026f8   0x000026f8   0x00000004   Code   RO          516    x$fpl$printf1       fz_ws.l(printf1.o)
    0x000026fc   0x000026fc   0x00000004   Code   RO          518    x$fpl$printf2       fz_ws.l(printf2.o)
    0x00002700   0x00002700   0x00000000   Code   RO          606    x$fpl$usenofp       fz_ws.l(usenofp.o)
    0x00002700   0x00002700   0x00000008   Data   RO          442    .constdata          c_w.l(_printf_wctomb.o)
    0x00002708   0x00002708   0x00000028   Data   RO          471    .constdata          c_w.l(_printf_hex_int_ll_ptr.o)
    0x00002730   0x00002730   0x00000011   Data   RO          491    .constdata          c_w.l(__printf_flags_ss_wp.o)
    0x00002741   0x00002741   0x00000026   Data   RO          546    .constdata          c_w.l(_printf_fp_hex.o)
    0x00002767   0x00002767   0x00000001   PAD
    0x00002768   0x00002768   0x00000094   Data   RO          569    .constdata          c_w.l(bigflt0.o)
    0x000027fc   0x000027fc   0x00000020   Data   RO          741    Region$$Table       anon$$obj.o
    0x0000281c   0x0000281c   0x0000001c   Data   RO          593    locale$$data        c_w.l(lc_numeric_c.o)
    0x00002838   0x00002838   0x00000110   Data   RO          614    locale$$data        c_w.l(lc_ctype_c.o)


    Execution Region RW_IRAM1 (Exec base: 0x20000000, Load base: 0x00002948, Size: 0x000020b0, Max: 0x00010000, ABSOLUTE)

    Exec Addr    Load Addr    Size         Type   Attr      Idx    E Section Name        Object

    0x20000000   0x00002948   0x0000000c   Data   RW          198    .data               ic_test.o
    0x2000000c   0x00002954   0x0000000c   Data   RW          263    .data               systickdelay.o
    0x20000018        -       0x00000020   Zero   RW           89    .bss                lcd1602.o
    0x20000038        -       0x00000018   Zero   RW          197    .bss                ic_test.o
    0x20000050        -       0x00000060   Zero   RW          610    .bss                c_w.l(libspace.o)
    0x200000b0        -       0x00001000   Zero   RW          347    HEAP                startup_mk60d10.o
    0x200010b0        -       0x00001000   Zero   RW          346    STACK               startup_mk60d10.o


==============================================================================

Image component sizes


      Code (inc. data)   RO Data    RW Data    ZI Data      Debug   Object Name

       612        170          0         12         24       5274   ic_test.o
        40         16          0          0          0        491   isr.o
       144         22          0          0          0     263347   key.o
       848         34          0          0         32       5866   lcd1602.o
       112         14          0          0          0        511   led.o
        44          6          0          0          0        491   main.o
        84         42       1024          0       8192       1176   startup_mk60d10.o
       238         20          0          0          0       2250   system_mk60d10.o
        80          4          0         12          0       1529   systickdelay.o

    ----------------------------------------------------------------------
      2204        328       1056         24       8248     280935   Object Totals
         0          0         32          0          0          0   (incl. Generated)
         2          0          0          0          0          0   (incl. Padding)

    ----------------------------------------------------------------------

      Code (inc. data)   RO Data    RW Data    ZI Data      Debug   Library Member Name

         8          0          0          0          0         68   __main.o
       392          4         17          0          0         92   __printf_flags_ss_wp.o
        14          0          0          0          0         68   __printf_wp.o
         0          0          0          0          0          0   __rtentry.o
        12          0          0          0          0          0   __rtentry2.o
         6          0          0          0          0          0   __rtentry4.o
        52          8          0          0          0          0   __scatter.o
        26          0          0          0          0          0   __scatter_copy.o
        28          0          0          0          0          0   __scatter_zi.o
         6          0          0          0          0          0   _printf_a.o
         6          0          0          0          0          0   _printf_c.o
        44          0          0          0          0        108   _printf_char.o
        48          6          0          0          0         96   _printf_char_common.o
        40          0          0          0          0         68   _printf_charcount.o
         6          0          0          0          0          0   _printf_d.o
       120         16          0          0          0         92   _printf_dec.o
         6          0          0          0          0          0   _printf_e.o
         6          0          0          0          0          0   _printf_f.o
      1054          0          0          0          0        216   _printf_fp_dec.o
       764          8         38          0          0        100   _printf_fp_hex.o
       128         16          0          0          0         84   _printf_fp_infnan.o
         6          0          0          0          0          0   _printf_g.o
       148          4         40          0          0        160   _printf_hex_int_ll_ptr.o
         6          0          0          0          0          0   _printf_i.o
       178          0          0          0          0         88   _printf_intcommon.o
        10          0          0          0          0          0   _printf_l.o
         6          0          0          0          0          0   _printf_lc.o
        10          0          0          0          0          0   _printf_ll.o
         6          0          0          0          0          0   _printf_lld.o
         6          0          0          0          0          0   _printf_lli.o
         6          0          0          0          0          0   _printf_llo.o
         6          0          0          0          0          0   _printf_llu.o
         6          0          0          0          0          0   _printf_llx.o
       124         16          0          0          0         92   _printf_longlong_dec.o
         6          0          0          0          0          0   _printf_ls.o
         6          0          0          0          0          0   _printf_n.o
         6          0          0          0          0          0   _printf_o.o
       112         10          0          0          0        124   _printf_oct_int_ll.o
         6          0          0          0          0          0   _printf_p.o
        78          0          0          0          0        108   _printf_pad.o
         0          0          0          0          0          0   _printf_percent.o
         4          0          0          0          0          0   _printf_percent_end.o
         6          0          0          0          0          0   _printf_s.o
        82          0          0          0          0         80   _printf_str.o
        36          0          0          0          0         84   _printf_truncate.o
         6          0          0          0          0          0   _printf_u.o
        44          0          0          0          0        108   _printf_wchar.o
       188          6          8          0          0         92   _printf_wctomb.o
         6          0          0          0          0          0   _printf_x.o
        10          0          0          0          0         68   _sputc.o
        64          0          0          0          0         92   _wcrtomb.o
       228          4        148          0          0         96   bigflt0.o
      1936        128          0          0          0        672   btod.o
        18          0          0          0          0         80   exit.o
         6          0          0          0          0        152   heapauxi.o
         0          0          0          0          0          0   indicate_semi.o
        44         10        272          0          0         76   lc_ctype_c.o
        44         10         28          0          0         76   lc_numeric_c.o
         2          0          0          0          0          0   libinit.o
        30          0          0          0          0          0   libinit2.o
         2          0          0          0          0          0   libshutdown.o
         2          0          0          0          0          0   libshutdown2.o
         8          4          0          0         96         68   libspace.o
       138          0          0          0          0         80   lludiv10.o
        16          4          0          0          0         76   rt_ctype_table.o
         8          4          0          0          0         68   rt_locale_intlibspace.o
         2          0          0          0          0          0   rtexit.o
        10          0          0          0          0          0   rtexit2.o
       128          0          0          0          0         68   strcmpv7m.o
        12          4          0          0          0         68   sys_exit.o
        74          0          0          0          0         80   sys_stackheap_outer.o
         2          0          0          0          0         68   use_no_semi.o
        36          4          0          0          0         76   vsprintf.o
         4          0          0          0          0         68   printf1.o
         4          0          0          0          0         68   printf2.o
         0          0          0          0          0          0   usenofp.o
        40          0          0          0          0         68   fpclassify.o

    ----------------------------------------------------------------------
      6756        266        552          0         96       4096   Library Totals
        18          0          1          0          0          0   (incl. Padding)

    ----------------------------------------------------------------------

      Code (inc. data)   RO Data    RW Data    ZI Data      Debug   Library Name

      6690        266        551          0         96       3892   c_w.l
         8          0          0          0          0        136   fz_ws.l
        40          0          0          0          0         68   m_ws.l

    ----------------------------------------------------------------------
      6756        266        552          0         96       4096   Library Totals

    ----------------------------------------------------------------------

==============================================================================


      Code (inc. data)   RO Data    RW Data    ZI Data      Debug   

      8960        594       1608         24       8344     281855   Grand Totals
      8960        594       1608         24       8344     281855   ELF Image Totals
      8960        594       1608         24          0          0   ROM Totals

==============================================================================

    Total RO  Size (Code + RO Data)                10568 (  10.32kB)
    Total RW  Size (RW Data + ZI Data)              8368 (   8.17kB)
    Total ROM Size (Code + RO Data + RW Data)      10592 (  10.34kB)

==============================================================================

